Archive member included to satisfy reference by file (symbol)

c:/progra~4/gcc-ar~1/bin/../lib/gcc/arm-none-eabi/10.3.1/thumb/v7-m/nofp\libgcc.a(_arm_muldf3.o)
                              CMakeFiles/TYS_Car_F103.elf.dir/Core/MPU6050/TYS_MPU6050.c.obj (__aeabi_dmul)
c:/progra~4/gcc-ar~1/bin/../lib/gcc/arm-none-eabi/10.3.1/thumb/v7-m/nofp\libgcc.a(_arm_mulsf3.o)
                              CMakeFiles/TYS_Car_F103.elf.dir/Core/MPU6050/TYS_MPU6050.c.obj (__aeabi_fmul)
c:/progra~4/gcc-ar~1/bin/../lib/gcc/arm-none-eabi/10.3.1/thumb/v7-m/nofp\libgcc.a(_arm_addsubdf3.o)
                              CMakeFiles/TYS_Car_F103.elf.dir/Core/Src/freertos.c.obj (__aeabi_dadd)
c:/progra~4/gcc-ar~1/bin/../lib/gcc/arm-none-eabi/10.3.1/thumb/v7-m/nofp\libgcc.a(_arm_fixdfsi.o)
                              CMakeFiles/TYS_Car_F103.elf.dir/Core/Src/freertos.c.obj (__aeabi_d2iz)
c:/progra~4/gcc-ar~1/bin/../lib/gcc/arm-none-eabi/10.3.1/thumb/v7-m/nofp\libgcc.a(_arm_truncdfsf2.o)
                              CMakeFiles/TYS_Car_F103.elf.dir/Core/MPU6050/TYS_MPU6050.c.obj (__aeabi_d2f)
c:/progra~4/gcc-ar~1/bin/../lib/gcc/arm-none-eabi/10.3.1/thumb/v7-m/nofp\libgcc.a(_arm_addsubsf3.o)
                              CMakeFiles/TYS_Car_F103.elf.dir/Core/MPU6050/TYS_MPU6050.c.obj (__aeabi_fsub)
c:/progra~4/gcc-ar~1/bin/../lib/gcc/arm-none-eabi/10.3.1/thumb/v7-m/nofp\libgcc.a(_arm_muldivsf3.o)
                              CMakeFiles/TYS_Car_F103.elf.dir/Core/MPU6050/inv_mpu.c.obj (__aeabi_fdiv)
c:/progra~4/gcc-ar~1/bin/../lib/gcc/arm-none-eabi/10.3.1/thumb/v7-m/nofp\libgcc.a(_arm_cmpsf2.o)
                              CMakeFiles/TYS_Car_F103.elf.dir/Core/MPU6050/inv_mpu.c.obj (__aeabi_fcmpeq)
c:/progra~4/gcc-ar~1/bin/../lib/gcc/arm-none-eabi/10.3.1/thumb/v7-m/nofp\libgcc.a(_arm_fixsfsi.o)
                              CMakeFiles/TYS_Car_F103.elf.dir/Core/MPU6050/TYS_MPU6050.c.obj (__aeabi_f2iz)
c:/progra~4/gcc-ar~1/bin/../lib/gcc/arm-none-eabi/10.3.1/thumb/v7-m/nofp\libgcc.a(_arm_fixunssfsi.o)
                              CMakeFiles/TYS_Car_F103.elf.dir/Core/MPU6050/inv_mpu_dmp_motion_driver.c.obj (__aeabi_f2uiz)
c:/progra~4/gcc-ar~1/bin/../lib/gcc/arm-none-eabi/10.3.1/thumb/v7-m/nofp\libgcc.a(_aeabi_ldivmod.o)
                              CMakeFiles/TYS_Car_F103.elf.dir/Core/MPU6050/inv_mpu.c.obj (__aeabi_ldivmod)
c:/progra~4/gcc-ar~1/bin/../lib/gcc/arm-none-eabi/10.3.1/thumb/v7-m/nofp\libgcc.a(_udivmoddi4.o)
                              c:/progra~4/gcc-ar~1/bin/../lib/gcc/arm-none-eabi/10.3.1/thumb/v7-m/nofp\libgcc.a(_aeabi_ldivmod.o) (__udivmoddi4)
c:/progra~4/gcc-ar~1/bin/../lib/gcc/arm-none-eabi/10.3.1/thumb/v7-m/nofp\libgcc.a(_dvmd_tls.o)
                              c:/progra~4/gcc-ar~1/bin/../lib/gcc/arm-none-eabi/10.3.1/thumb/v7-m/nofp\libgcc.a(_aeabi_ldivmod.o) (__aeabi_ldiv0)
c:/progra~4/gcc-ar~1/bin/../lib/gcc/arm-none-eabi/10.3.1/../../../../arm-none-eabi/lib/thumb/v7-m/nofp\libg.a(lib_a-errno.o)
                              CMakeFiles/TYS_Car_F103.elf.dir/Core/Src/TYS_Retarget.c.obj (__errno)
c:/progra~4/gcc-ar~1/bin/../lib/gcc/arm-none-eabi/10.3.1/../../../../arm-none-eabi/lib/thumb/v7-m/nofp\libg.a(lib_a-exit.o)
                              c:/progra~4/gcc-ar~1/bin/../lib/gcc/arm-none-eabi/10.3.1/../../../../arm-none-eabi/lib/thumb/v7-m/nofp/crt0.o (exit)
c:/progra~4/gcc-ar~1/bin/../lib/gcc/arm-none-eabi/10.3.1/../../../../arm-none-eabi/lib/thumb/v7-m/nofp\libg.a(lib_a-impure.o)
                              c:/progra~4/gcc-ar~1/bin/../lib/gcc/arm-none-eabi/10.3.1/../../../../arm-none-eabi/lib/thumb/v7-m/nofp\libg.a(lib_a-exit.o) (_global_impure_ptr)
c:/progra~4/gcc-ar~1/bin/../lib/gcc/arm-none-eabi/10.3.1/../../../../arm-none-eabi/lib/thumb/v7-m/nofp\libg.a(lib_a-init.o)
                              c:/progra~4/gcc-ar~1/bin/../lib/gcc/arm-none-eabi/10.3.1/../../../../arm-none-eabi/lib/thumb/v7-m/nofp/crt0.o (__libc_init_array)
c:/progra~4/gcc-ar~1/bin/../lib/gcc/arm-none-eabi/10.3.1/../../../../arm-none-eabi/lib/thumb/v7-m/nofp\libg.a(lib_a-memcmp.o)
                              CMakeFiles/TYS_Car_F103.elf.dir/Core/MPU6050/inv_mpu.c.obj (memcmp)
c:/progra~4/gcc-ar~1/bin/../lib/gcc/arm-none-eabi/10.3.1/../../../../arm-none-eabi/lib/thumb/v7-m/nofp\libg.a(lib_a-memcpy.o)
                              CMakeFiles/TYS_Car_F103.elf.dir/Middlewares/Third_Party/FreeRTOS/Source/queue.c.obj (memcpy)
c:/progra~4/gcc-ar~1/bin/../lib/gcc/arm-none-eabi/10.3.1/../../../../arm-none-eabi/lib/thumb/v7-m/nofp\libg.a(lib_a-memset.o)
                              c:/progra~4/gcc-ar~1/bin/../lib/gcc/arm-none-eabi/10.3.1/../../../../arm-none-eabi/lib/thumb/v7-m/nofp/crt0.o (memset)
c:/progra~4/gcc-ar~1/bin/../lib/gcc/arm-none-eabi/10.3.1/../../../../arm-none-eabi/lib/thumb/v7-m/nofp\libg.a(lib_a-setvbuf.o)
                              CMakeFiles/TYS_Car_F103.elf.dir/Core/Src/TYS_Retarget.c.obj (setvbuf)
[...]
Memory Configuration

Name             Origin             Length             Attributes
RAM              0x20000000         0x00005000         xrw
FLASH            0x08000000         0x00010000         xr
*default*        0x00000000         0xffffffff

Linker script and memory map

LOAD c:/progra~4/gcc-ar~1/bin/../lib/gcc/arm-none-eabi/10.3.1/thumb/v7-m/nofp/crti.o
LOAD c:/progra~4/gcc-ar~1/bin/../lib/gcc/arm-none-eabi/10.3.1/thumb/v7-m/nofp/crtbegin.o
LOAD c:/progra~4/gcc-ar~1/bin/../lib/gcc/arm-none-eabi/10.3.1/../../../../arm-none-eabi/lib/thumb/v7-m/nofp/crt0.o
LOAD CMakeFiles/TYS_Car_F103.elf.dir/Core/MPU6050/TYS_MPU6050.c.obj
LOAD CMakeFiles/TYS_Car_F103.elf.dir/Core/MPU6050/inv_mpu.c.obj
LOAD CMakeFiles/TYS_Car_F103.elf.dir/Core/MPU6050/inv_mpu_dmp_motion_driver.c.obj
LOAD CMakeFiles/TYS_Car_F103.elf.dir/Core/Src/TYS_OLED.c.obj
LOAD CMakeFiles/TYS_Car_F103.elf.dir/Core/Src/TYS_Retarget.c.obj
LOAD CMakeFiles/TYS_Car_F103.elf.dir/Core/Src/adc.c.obj
LOAD CMakeFiles/TYS_Car_F103.elf.dir/Core/Src/freertos.c.obj
LOAD CMakeFiles/TYS_Car_F103.elf.dir/Core/Src/gpio.c.obj
LOAD CMakeFiles/TYS_Car_F103.elf.dir/Core/Src/i2c.c.obj
LOAD CMakeFiles/TYS_Car_F103.elf.dir/Core/Src/main.c.obj
LOAD CMakeFiles/TYS_Car_F103.elf.dir/Core/Src/spi.c.obj
LOAD CMakeFiles/TYS_Car_F103.elf.dir/Core/Src/stm32f1xx_hal_msp.c.obj
LOAD CMakeFiles/TYS_Car_F103.elf.dir/Core/Src/stm32f1xx_hal_timebase_tim.c.obj
LOAD CMakeFiles/TYS_Car_F103.elf.dir/Core/Src/stm32f1xx_it.c.obj
LOAD CMakeFiles/TYS_Car_F103.elf.dir/Core/Src/syscalls.c.obj
LOAD CMakeFiles/TYS_Car_F103.elf.dir/Core/Src/system_stm32f1xx.c.obj
LOAD CMakeFiles/TYS_Car_F103.elf.dir/Core/Src/tim.c.obj
LOAD CMakeFiles/TYS_Car_F103.elf.dir/Core/Src/usart.c.obj
LOAD CMakeFiles/TYS_Car_F103.elf.dir/Drivers/STM32F1xx_HAL_Driver/Src/stm32f1xx_hal.c.obj
LOAD CMakeFiles/TYS_Car_F103.elf.dir/Drivers/STM32F1xx_HAL_Driver/Src/stm32f1xx_hal_adc.c.obj
LOAD CMakeFiles/TYS_Car_F103.elf.dir/Drivers/STM32F1xx_HAL_Driver/Src/stm32f1xx_hal_adc_ex.c.obj
LOAD CMakeFiles/TYS_Car_F103.elf.dir/Drivers/STM32F1xx_HAL_Driver/Src/stm32f1xx_hal_cortex.c.obj
LOAD CMakeFiles/TYS_Car_F103.elf.dir/Drivers/STM32F1xx_HAL_Driver/Src/stm32f1xx_hal_dma.c.obj
LOAD CMakeFiles/TYS_Car_F103.elf.dir/Drivers/STM32F1xx_HAL_Driver/Src/stm32f1xx_hal_exti.c.obj
LOAD CMakeFiles/TYS_Car_F103.elf.dir/Drivers/STM32F1xx_HAL_Driver/Src/stm32f1xx_hal_flash.c.obj
LOAD CMakeFiles/TYS_Car_F103.elf.dir/Drivers/STM32F1xx_HAL_Driver/Src/stm32f1xx_hal_flash_ex.c.obj
LOAD CMakeFiles/TYS_Car_F103.elf.dir/Drivers/STM32F1xx_HAL_Driver/Src/stm32f1xx_hal_gpio.c.obj
LOAD CMakeFiles/TYS_Car_F103.elf.dir/Drivers/STM32F1xx_HAL_Driver/Src/stm32f1xx_hal_gpio_ex.c.obj
LOAD CMakeFiles/TYS_Car_F103.elf.dir/Drivers/STM32F1xx_HAL_Driver/Src/stm32f1xx_hal_i2c.c.obj
LOAD CMakeFiles/TYS_Car_F103.elf.dir/Drivers/STM32F1xx_HAL_Driver/Src/stm32f1xx_hal_pcd.c.obj
LOAD CMakeFiles/TYS_Car_F103.elf.dir/Drivers/STM32F1xx_HAL_Driver/Src/stm32f1xx_hal_pcd_ex.c.obj
LOAD CMakeFiles/TYS_Car_F103.elf.dir/Drivers/STM32F1xx_HAL_Driver/Src/stm32f1xx_hal_pwr.c.obj
LOAD CMakeFiles/TYS_Car_F103.elf.dir/Drivers/STM32F1xx_HAL_Driver/Src/stm32f1xx_hal_rcc.c.obj
LOAD CMakeFiles/TYS_Car_F103.elf.dir/Drivers/STM32F1xx_HAL_Driver/Src/stm32f1xx_hal_rcc_ex.c.obj
LOAD CMakeFiles/TYS_Car_F103.elf.dir/Drivers/STM32F1xx_HAL_Driver/Src/stm32f1xx_hal_spi.c.obj
LOAD CMakeFiles/TYS_Car_F103.elf.dir/Drivers/STM32F1xx_HAL_Driver/Src/stm32f1xx_hal_tim.c.obj
LOAD CMakeFiles/TYS_Car_F103.elf.dir/Drivers/STM32F1xx_HAL_Driver/Src/stm32f1xx_hal_tim_ex.c.obj
LOAD CMakeFiles/TYS_Car_F103.elf.dir/Drivers/STM32F1xx_HAL_Driver/Src/stm32f1xx_hal_uart.c.obj
LOAD CMakeFiles/TYS_Car_F103.elf.dir/Drivers/STM32F1xx_HAL_Driver/Src/stm32f1xx_ll_usb.c.obj
LOAD CMakeFiles/TYS_Car_F103.elf.dir/Middlewares/ST/STM32_USB_Device_Library/Class/CDC/Src/usbd_cdc.c.obj
LOAD CMakeFiles/TYS_Car_F103.elf.dir/Middlewares/ST/STM32_USB_Device_Library/Core/Src/usbd_core.c.obj
LOAD CMakeFiles/TYS_Car_F103.elf.dir/Middlewares/ST/STM32_USB_Device_Library/Core/Src/usbd_ctlreq.c.obj
LOAD CMakeFiles/TYS_Car_F103.elf.dir/Middlewares/ST/STM32_USB_Device_Library/Core/Src/usbd_ioreq.c.obj
LOAD CMakeFiles/TYS_Car_F103.elf.dir/Middlewares/Third_Party/FreeRTOS/Source/CMSIS_RTOS/cmsis_os.c.obj
LOAD CMakeFiles/TYS_Car_F103.elf.dir/Middlewares/Third_Party/FreeRTOS/Source/croutine.c.obj
LOAD CMakeFiles/TYS_Car_F103.elf.dir/Middlewares/Third_Party/FreeRTOS/Source/event_groups.c.obj
LOAD CMakeFiles/TYS_Car_F103.elf.dir/Middlewares/Third_Party/FreeRTOS/Source/list.c.obj
LOAD CMakeFiles/TYS_Car_F103.elf.dir/Middlewares/Third_Party/FreeRTOS/Source/portable/GCC/ARM_CM3/port.c.obj
LOAD CMakeFiles/TYS_Car_F103.elf.dir/Middlewares/Third_Party/FreeRTOS/Source/portable/MemMang/heap_4.c.obj
LOAD CMakeFiles/TYS_Car_F103.elf.dir/Middlewares/Third_Party/FreeRTOS/Source/queue.c.obj
LOAD CMakeFiles/TYS_Car_F103.elf.dir/Middlewares/Third_Party/FreeRTOS/Source/stream_buffer.c.obj
LOAD CMakeFiles/TYS_Car_F103.elf.dir/Middlewares/Third_Party/FreeRTOS/Source/tasks.c.obj
LOAD CMakeFiles/TYS_Car_F103.elf.dir/Middlewares/Third_Party/FreeRTOS/Source/timers.c.obj
LOAD CMakeFiles/TYS_Car_F103.elf.dir/USB_DEVICE/App/usb_device.c.obj
LOAD CMakeFiles/TYS_Car_F103.elf.dir/USB_DEVICE/App/usbd_cdc_if.c.obj
LOAD CMakeFiles/TYS_Car_F103.elf.dir/USB_DEVICE/App/usbd_desc.c.obj
LOAD CMakeFiles/TYS_Car_F103.elf.dir/USB_DEVICE/Target/usbd_conf.c.obj
LOAD CMakeFiles/TYS_Car_F103.elf.dir/startup/startup_stm32f103xb.s.obj
START GROUP
LOAD c:/progra~4/gcc-ar~1/bin/../lib/gcc/arm-none-eabi/10.3.1/thumb/v7-m/nofp\libgcc.a
LOAD c:/progra~4/gcc-ar~1/bin/../lib/gcc/arm-none-eabi/10.3.1/../../../../arm-none-eabi/lib/thumb/v7-m/nofp\libg.a
LOAD c:/progra~4/gcc-ar~1/bin/../lib/gcc/arm-none-eabi/10.3.1/../../../../arm-none-eabi/lib/thumb/v7-m/nofp\libc.a
END GROUP
LOAD c:/progra~4/gcc-ar~1/bin/../lib/gcc/arm-none-eabi/10.3.1/thumb/v7-m/nofp/crtend.o
LOAD c:/progra~4/gcc-ar~1/bin/../lib/gcc/arm-none-eabi/10.3.1/thumb/v7-m/nofp/crtn.o
                0x20005000                _estack = 0x20005000
                0x00000200                _Min_Heap_Size = 0x200
                0x00000400                _Min_Stack_Size = 0x400

.isr_vector     0x08000000      0x10c
                0x08000000                . = ALIGN (0x4)
 *(.isr_vector)
 .isr_vector    0x08000000      0x10c CMakeFiles/TYS_Car_F103.elf.dir/startup/startup_stm32f103xb.s.obj
                0x08000000                g_pfnVectors
                0x0800010c                . = ALIGN (0x4)

.text           0x08000110     0xa910
                0x08000110                . = ALIGN (0x4)
 *(.text)
 .text          0x08000110       0x40 c:/progra~4/gcc-ar~1/bin/../lib/gcc/arm-none-eabi/10.3.1/thumb/v7-m/nofp/crtbegin.o
 .text          0x08000150      0x378 c:/progra~4/gcc-ar~1/bin/../lib/gcc/arm-none-eabi/10.3.1/thumb/v7-m/nofp\libgcc.a(_arm_addsubdf3.o)
                0x08000150                __aeabi_drsub
                0x08000158                __aeabi_dsub
                0x08000158                __subdf3
                0x0800015c                __aeabi_dadd
                0x0800015c                __adddf3
                0x080003d4                __floatunsidf
                0x080003d4                __aeabi_ui2d
                0x080003f4                __floatsidf
                0x080003f4                __aeabi_i2d
                0x08000418                __aeabi_f2d
                0x08000418                __extendsfdf2
                0x0800045c                __floatundidf
                0x0800045c                __aeabi_ul2d
                0x0800046c                __floatdidf
                0x0800046c                __aeabi_l2d
 .text          0x080004c8       0x50 c:/progra~4/gcc-ar~1/bin/../lib/gcc/arm-none-eabi/10.3.1/thumb/v7-m/nofp\libgcc.a(_arm_fixdfsi.o)
                0x080004c8                __aeabi_d2iz
                0x080004c8                __fixdfsi
 .text          0x08000518       0xa0 c:/progra~4/gcc-ar~1/bin/../lib/gcc/arm-none-eabi/10.3.1/thumb/v7-m/nofp\libgcc.a(_arm_truncdfsf2.o)
                0x08000518                __truncdfsf2
                0x08000518                __aeabi_d2f
 .text          0x080005b8      0x21c c:/progra~4/gcc-ar~1/bin/../lib/gcc/arm-none-eabi/10.3.1/thumb/v7-m/nofp\libgcc.a(_arm_addsubsf3.o)
                0x080005b8                __aeabi_frsub
                0x080005c0                __subsf3
                0x080005c0                __aeabi_fsub
                0x080005c4                __aeabi_fadd
                0x080005c4                __addsf3
                0x08000724                __aeabi_ui2f
                0x08000724                __floatunsisf
                0x0800072c                __aeabi_i2f
                0x0800072c                __floatsisf
                0x08000748                __aeabi_ul2f
                0x08000748                __floatundisf
                0x08000758                __aeabi_l2f
                0x08000758                __floatdisf
 .text          0x080007d4      0x2a0 c:/progra~4/gcc-ar~1/bin/../lib/gcc/arm-none-eabi/10.3.1/thumb/v7-m/nofp\libgcc.a(_arm_muldivsf3.o)
                0x080007d4                __mulsf3
                0x080007d4                __aeabi_fmul
                0x0800093c                __aeabi_fdiv
                0x0800093c                __divsf3
 .text          0x08000a74       0xec c:/progra~4/gcc-ar~1/bin/../lib/gcc/arm-none-eabi/10.3.1/thumb/v7-m/nofp\libgcc.a(_arm_cmpsf2.o)
                0x08000a74                __gesf2
                0x08000a74                __gtsf2
                0x08000a7c                __lesf2
                0x08000a7c                __ltsf2
                0x08000a84                __nesf2
                0x08000a84                __eqsf2
                0x08000a84                __cmpsf2
                0x08000ae4                __aeabi_cfrcmple
                0x08000aec                __aeabi_cfcmpeq
                0x08000aec                __aeabi_cfcmple
                0x08000afc                __aeabi_fcmpeq
                0x08000b10                __aeabi_fcmplt
                0x08000b24                __aeabi_fcmple
                0x08000b38                __aeabi_fcmpge
                0x08000b4c                __aeabi_fcmpgt
 .text          0x08000b60       0x4c c:/progra~4/gcc-ar~1/bin/../lib/gcc/arm-none-eabi/10.3.1/thumb/v7-m/nofp\libgcc.a(_arm_fixsfsi.o)
                0x08000b60                __aeabi_f2iz
                0x08000b60                __fixsfsi
 .text          0x08000bac      0x424 c:/progra~4/gcc-ar~1/bin/../lib/gcc/arm-none-eabi/10.3.1/thumb/v7-m/nofp\libgcc.a(_arm_muldivdf3.o)
                0x08000bac                __aeabi_dmul
                0x08000bac                __muldf3
                0x08000e00                __divdf3
                0x08000e00                __aeabi_ddiv
 .text          0x08000fd0      0x110 c:/progra~4/gcc-ar~1/bin/../lib/gcc/arm-none-eabi/10.3.1/thumb/v7-m/nofp\libgcc.a(_arm_cmpdf2.o)
                0x08000fd0                __gtdf2
                0x08000fd0                __gedf2
                0x08000fd8                __ltdf2
                0x08000fd8                __ledf2
                0x08000fe0                __nedf2
                0x08000fe0                __eqdf2
                0x08000fe0                __cmpdf2
                0x0800105c                __aeabi_cdrcmple
                0x0800106c                __aeabi_cdcmpeq
                0x0800106c                __aeabi_cdcmple
                0x0800107c                __aeabi_dcmpeq
                0x08001090                __aeabi_dcmplt
                0x080010a4                __aeabi_dcmple
                0x080010b8                __aeabi_dcmpge
                0x080010cc                __aeabi_dcmpgt
 .text          0x080010e0       0x2c c:/progra~4/gcc-ar~1/bin/../lib/gcc/arm-none-eabi/10.3.1/thumb/v7-m/nofp\libgcc.a(_arm_unorddf2.o)
                0x080010e0                __unorddf2
                0x080010e0                __aeabi_dcmpun
 *(.text*)
 .text.HAL_i2c_write
                0x0800110c       0x28 CMakeFiles/TYS_Car_F103.elf.dir/Core/MPU6050/TYS_MPU6050.c.obj
                0x0800110c                HAL_i2c_write
 .text.HAL_i2c_read
                0x08001134       0x28 CMakeFiles/TYS_Car_F103.elf.dir/Core/MPU6050/TYS_MPU6050.c.obj
                0x08001134                HAL_i2c_read
 *fill*         0x0800115c        0x4 
 .text.mpu_dmp_get_data
                0x08001160      0x1c8 CMakeFiles/TYS_Car_F103.elf.dir/Core/MPU6050/TYS_MPU6050.c.obj
                0x08001160                mpu_dmp_get_data
 .text.get_ms   0x08001328        0x2 CMakeFiles/TYS_Car_F103.elf.dir/Core/MPU6050/inv_mpu.c.obj
                0x08001328                get_ms
 *fill*         0x0800132a        0x2 
 .text.mpu_reset_fifo
                0x0800132c      0x1f8 CMakeFiles/TYS_Car_F103.elf.dir/Core/MPU6050/inv_mpu.c.obj
                0x0800132c                mpu_reset_fifo
 .text.mpu_read_fifo_stream
                0x08001524       0xc0 CMakeFiles/TYS_Car_F103.elf.dir/Core/MPU6050/inv_mpu.c.obj
                0x08001524                mpu_read_fifo_stream
 .text.decode_gesture
                0x080015e4       0x3c CMakeFiles/TYS_Car_F103.elf.dir/Core/MPU6050/inv_mpu_dmp_motion_driver.c.obj
 .text.dmp_read_fifo
                0x08001620      0x1f4 CMakeFiles/TYS_Car_F103.elf.dir/Core/MPU6050/inv_mpu_dmp_motion_driver.c.obj
                0x08001620                dmp_read_fifo
 .text.OLED_WR_Byte
                0x08001814       0x5c CMakeFiles/TYS_Car_F103.elf.dir/Core/Src/TYS_OLED.c.obj
                0x08001814                OLED_WR_Byte
 .text.OLED_Set_Pos
                0x08001870       0x2c CMakeFiles/TYS_Car_F103.elf.dir/Core/Src/TYS_OLED.c.obj
                0x08001870                OLED_Set_Pos
 .text.OLED_Display_On
                0x0800189c       0x1c CMakeFiles/TYS_Car_F103.elf.dir/Core/Src/TYS_OLED.c.obj
                0x0800189c                OLED_Display_On
 .text.OLED_Clear
                0x080018b8       0x42 CMakeFiles/TYS_Car_F103.elf.dir/Core/Src/TYS_OLED.c.obj
                0x080018b8                OLED_Clear
 *fill*         0x080018fa        0x2 
 .text.OLED_ShowChar
                0x080018fc       0x68 CMakeFiles/TYS_Car_F103.elf.dir/Core/Src/TYS_OLED.c.obj
                0x080018fc                OLED_ShowChar
 .text.oled_pow
                0x08001964       0x16 CMakeFiles/TYS_Car_F103.elf.dir/Core/Src/TYS_OLED.c.obj
                0x08001964                oled_pow
 *fill*         0x0800197a        0x2 
 .text.OLED_ShowNum
                0x0800197c       0x90 CMakeFiles/TYS_Car_F103.elf.dir/Core/Src/TYS_OLED.c.obj
                0x0800197c                OLED_ShowNum
 .text.OLED_ShowString
                0x08001a0c       0x2e CMakeFiles/TYS_Car_F103.elf.dir/Core/Src/TYS_OLED.c.obj
                0x08001a0c                OLED_ShowString
 *fill*         0x08001a3a        0x2 
 .text.OLED_Init
                0x08001a3c      0x110 CMakeFiles/TYS_Car_F103.elf.dir/Core/Src/TYS_OLED.c.obj
                0x08001a3c                OLED_Init
 .text.MX_ADC1_Init
                0x08001b4c       0x58 CMakeFiles/TYS_Car_F103.elf.dir/Core/Src/adc.c.obj
                0x08001b4c                MX_ADC1_Init
 .text.MX_ADC2_Init
                0x08001ba4       0x5c CMakeFiles/TYS_Car_F103.elf.dir/Core/Src/adc.c.obj
                0x08001ba4                MX_ADC2_Init
 .text.HAL_ADC_MspInit
                0x08001c00       0xa4 CMakeFiles/TYS_Car_F103.elf.dir/Core/Src/adc.c.obj
                0x08001c00                HAL_ADC_MspInit
 .text.StartDefaultTask
                0x08001ca4       0x44 CMakeFiles/TYS_Car_F103.elf.dir/Core/Src/freertos.c.obj
                0x08001ca4                StartDefaultTask
 .text.Screen_Refresh
                0x08001ce8      0x288 CMakeFiles/TYS_Car_F103.elf.dir/Core/Src/freertos.c.obj
                0x08001ce8                Screen_Refresh
 .text.ADC_Get  0x08001f70      0x390 CMakeFiles/TYS_Car_F103.elf.dir/Core/Src/freertos.c.obj
                0x08001f70                ADC_Get
 .text.Control_Speed
                0x08002300      0x3b8 CMakeFiles/TYS_Car_F103.elf.dir/Core/Src/freertos.c.obj
                0x08002300                Control_Speed
 .text.HAL_UART_RxCpltCallback
                0x080026b8      0x104 CMakeFiles/TYS_Car_F103.elf.dir/Core/Src/freertos.c.obj
                0x080026b8                HAL_UART_RxCpltCallback
 .text.vApplicationGetIdleTaskMemory
                0x080027bc       0x18 CMakeFiles/TYS_Car_F103.elf.dir/Core/Src/freertos.c.obj
                0x080027bc                vApplicationGetIdleTaskMemory
 .text.MX_FREERTOS_Init
                0x080027d4       0xac CMakeFiles/TYS_Car_F103.elf.dir/Core/Src/freertos.c.obj
                0x080027d4                MX_FREERTOS_Init
 .text.MX_GPIO_Init
                0x08002880      0x114 CMakeFiles/TYS_Car_F103.elf.dir/Core/Src/gpio.c.obj
                0x08002880                MX_GPIO_Init
 .text.MX_I2C1_Init
                0x08002994       0x3c CMakeFiles/TYS_Car_F103.elf.dir/Core/Src/i2c.c.obj
                0x08002994                MX_I2C1_Init
 .text.HAL_I2C_MspInit
                0x080029d0       0x78 CMakeFiles/TYS_Car_F103.elf.dir/Core/Src/i2c.c.obj
                0x080029d0                HAL_I2C_MspInit
 .text.HAL_TIM_PeriodElapsedCallback
                0x08002a48       0x18 CMakeFiles/TYS_Car_F103.elf.dir/Core/Src/main.c.obj
                0x08002a48                HAL_TIM_PeriodElapsedCallback
 .text.Error_Handler
                0x08002a60        0x4 CMakeFiles/TYS_Car_F103.elf.dir/Core/Src/main.c.obj
                0x08002a60                Error_Handler
 .text.SystemClock_Config
                0x08002a64       0x88 CMakeFiles/TYS_Car_F103.elf.dir/Core/Src/main.c.obj
                0x08002a64                SystemClock_Config
 .text.main     0x08002aec       0x40 CMakeFiles/TYS_Car_F103.elf.dir/Core/Src/main.c.obj
                0x08002aec                main
 .text.MX_SPI1_Init
                0x08002b2c       0x44 CMakeFiles/TYS_Car_F103.elf.dir/Core/Src/spi.c.obj
                0x08002b2c                MX_SPI1_Init
 .text.HAL_SPI_MspInit
                0x08002b70       0x64 CMakeFiles/TYS_Car_F103.elf.dir/Core/Src/spi.c.obj
                0x08002b70                HAL_SPI_MspInit
 .text.HAL_MspInit
                0x08002bd4       0x54 CMakeFiles/TYS_Car_F103.elf.dir/Core/Src/stm32f1xx_hal_msp.c.obj
                0x08002bd4                HAL_MspInit
 .text.HAL_InitTick
                0x08002c28       0x7c CMakeFiles/TYS_Car_F103.elf.dir/Core/Src/stm32f1xx_hal_timebase_tim.c.obj
                0x08002c28                HAL_InitTick
 .text.NMI_Handler
                0x08002ca4        0x2 CMakeFiles/TYS_Car_F103.elf.dir/Core/Src/stm32f1xx_it.c.obj
                0x08002ca4                NMI_Handler
 .text.HardFault_Handler
                0x08002ca6        0x2 CMakeFiles/TYS_Car_F103.elf.dir/Core/Src/stm32f1xx_it.c.obj
                0x08002ca6                HardFault_Handler
 .text.MemManage_Handler
                0x08002ca8        0x2 CMakeFiles/TYS_Car_F103.elf.dir/Core/Src/stm32f1xx_it.c.obj
                0x08002ca8                MemManage_Handler
 .text.BusFault_Handler
                0x08002caa        0x2 CMakeFiles/TYS_Car_F103.elf.dir/Core/Src/stm32f1xx_it.c.obj
                0x08002caa                BusFault_Handler
 .text.UsageFault_Handler
                0x08002cac        0x2 CMakeFiles/TYS_Car_F103.elf.dir/Core/Src/stm32f1xx_it.c.obj
                0x08002cac                UsageFault_Handler
 .text.DebugMon_Handler
                0x08002cae        0x2 CMakeFiles/TYS_Car_F103.elf.dir/Core/Src/stm32f1xx_it.c.obj
                0x08002cae                DebugMon_Handler
 .text.USB_LP_CAN1_RX0_IRQHandler
                0x08002cb0       0x10 CMakeFiles/TYS_Car_F103.elf.dir/Core/Src/stm32f1xx_it.c.obj
                0x08002cb0                USB_LP_CAN1_RX0_IRQHandler
 .text.TIM4_IRQHandler
                0x08002cc0       0x10 CMakeFiles/TYS_Car_F103.elf.dir/Core/Src/stm32f1xx_it.c.obj
                0x08002cc0                TIM4_IRQHandler
 .text.USART1_IRQHandler
                0x08002cd0       0x10 CMakeFiles/TYS_Car_F103.elf.dir/Core/Src/stm32f1xx_it.c.obj
                0x08002cd0                USART1_IRQHandler
 .text.USART2_IRQHandler
                0x08002ce0       0x10 CMakeFiles/TYS_Car_F103.elf.dir/Core/Src/stm32f1xx_it.c.obj
                0x08002ce0                USART2_IRQHandler
 .text.USART3_IRQHandler
                0x08002cf0       0x10 CMakeFiles/TYS_Car_F103.elf.dir/Core/Src/stm32f1xx_it.c.obj
                0x08002cf0                USART3_IRQHandler
 .text.SystemInit
                0x08002d00        0x2 CMakeFiles/TYS_Car_F103.elf.dir/Core/Src/system_stm32f1xx.c.obj
                0x08002d00                SystemInit
 *fill*         0x08002d02        0x2 
 .text.MX_TIM1_Init
                0x08002d04       0x6c CMakeFiles/TYS_Car_F103.elf.dir/Core/Src/tim.c.obj
                0x08002d04                MX_TIM1_Init
 .text.MX_TIM2_Init
                0x08002d70       0x68 CMakeFiles/TYS_Car_F103.elf.dir/Core/Src/tim.c.obj
                0x08002d70                MX_TIM2_Init
 .text.HAL_TIM_Encoder_MspInit
                0x08002dd8       0xdc CMakeFiles/TYS_Car_F103.elf.dir/Core/Src/tim.c.obj
                0x08002dd8                HAL_TIM_Encoder_MspInit
 .text.HAL_TIM_Base_MspInit
                0x08002eb4       0x2c CMakeFiles/TYS_Car_F103.elf.dir/Core/Src/tim.c.obj
                0x08002eb4                HAL_TIM_Base_MspInit
 .text.HAL_TIM_MspPostInit
                0x08002ee0       0x64 CMakeFiles/TYS_Car_F103.elf.dir/Core/Src/tim.c.obj
                0x08002ee0                HAL_TIM_MspPostInit
 .text.MX_TIM3_Init
                0x08002f44       0xc0 CMakeFiles/TYS_Car_F103.elf.dir/Core/Src/tim.c.obj
                0x08002f44                MX_TIM3_Init
 .text.MX_USART1_UART_Init
                0x08003004       0x34 CMakeFiles/TYS_Car_F103.elf.dir/Core/Src/usart.c.obj
                0x08003004                MX_USART1_UART_Init
 .text.MX_USART2_UART_Init
                0x08003038       0x34 CMakeFiles/TYS_Car_F103.elf.dir/Core/Src/usart.c.obj
                0x08003038                MX_USART2_UART_Init
 .text.MX_USART3_UART_Init
                0x0800306c       0x34 CMakeFiles/TYS_Car_F103.elf.dir/Core/Src/usart.c.obj
                0x0800306c                MX_USART3_UART_Init
 .text.HAL_UART_MspInit
                0x080030a0      0x174 CMakeFiles/TYS_Car_F103.elf.dir/Core/Src/usart.c.obj
                0x080030a0                HAL_UART_MspInit
 .text.HAL_Init
                0x08003214       0x24 CMakeFiles/TYS_Car_F103.elf.dir/Drivers/STM32F1xx_HAL_Driver/Src/stm32f1xx_hal.c.obj
                0x08003214                HAL_Init
 .text.HAL_IncTick
                0x08003238       0x18 CMakeFiles/TYS_Car_F103.elf.dir/Drivers/STM32F1xx_HAL_Driver/Src/stm32f1xx_hal.c.obj
                0x08003238                HAL_IncTick
 .text.HAL_GetTick
                0x08003250        0xc CMakeFiles/TYS_Car_F103.elf.dir/Drivers/STM32F1xx_HAL_Driver/Src/stm32f1xx_hal.c.obj
                0x08003250                HAL_GetTick
 .text.HAL_Delay
                0x0800325c       0x28 CMakeFiles/TYS_Car_F103.elf.dir/Drivers/STM32F1xx_HAL_Driver/Src/stm32f1xx_hal.c.obj
                0x0800325c                HAL_Delay
 .text.HAL_ADC_GetValue
                0x08003284        0x6 CMakeFiles/TYS_Car_F103.elf.dir/Drivers/STM32F1xx_HAL_Driver/Src/stm32f1xx_hal_adc.c.obj
                0x08003284                HAL_ADC_GetValue
 *fill*         0x0800328a        0x2 
 .text.HAL_ADC_ConfigChannel
                0x0800328c      0x144 CMakeFiles/TYS_Car_F103.elf.dir/Drivers/STM32F1xx_HAL_Driver/Src/stm32f1xx_hal_adc.c.obj
                0x0800328c                HAL_ADC_ConfigChannel
 .text.ADC_Enable
                0x080033d0       0x88 CMakeFiles/TYS_Car_F103.elf.dir/Drivers/STM32F1xx_HAL_Driver/Src/stm32f1xx_hal_adc.c.obj
                0x080033d0                ADC_Enable
 .text.HAL_ADC_Start
                0x08003458       0xe8 CMakeFiles/TYS_Car_F103.elf.dir/Drivers/STM32F1xx_HAL_Driver/Src/stm32f1xx_hal_adc.c.obj
                0x08003458                HAL_ADC_Start
 .text.ADC_ConversionStop_Disable
                0x08003540       0x56 CMakeFiles/TYS_Car_F103.elf.dir/Drivers/STM32F1xx_HAL_Driver/Src/stm32f1xx_hal_adc.c.obj
                0x08003540                ADC_ConversionStop_Disable
 *fill*         0x08003596        0x2 
 .text.HAL_ADC_Init
                0x08003598      0x108 CMakeFiles/TYS_Car_F103.elf.dir/Drivers/STM32F1xx_HAL_Driver/Src/stm32f1xx_hal_adc.c.obj
                0x08003598                HAL_ADC_Init
 .text.HAL_NVIC_SetPriorityGrouping
                0x080036a0       0x24 CMakeFiles/TYS_Car_F103.elf.dir/Drivers/STM32F1xx_HAL_Driver/Src/stm32f1xx_hal_cortex.c.obj
                0x080036a0                HAL_NVIC_SetPriorityGrouping
 .text.HAL_NVIC_SetPriority
                0x080036c4       0x70 CMakeFiles/TYS_Car_F103.elf.dir/Drivers/STM32F1xx_HAL_Driver/Src/stm32f1xx_hal_cortex.c.obj
                0x080036c4                HAL_NVIC_SetPriority
 .text.HAL_NVIC_EnableIRQ
                0x08003734       0x1c CMakeFiles/TYS_Car_F103.elf.dir/Drivers/STM32F1xx_HAL_Driver/Src/stm32f1xx_hal_cortex.c.obj
                0x08003734                HAL_NVIC_EnableIRQ
 .text.HAL_DMA_Abort
                0x08003750       0x44 CMakeFiles/TYS_Car_F103.elf.dir/Drivers/STM32F1xx_HAL_Driver/Src/stm32f1xx_hal_dma.c.obj
                0x08003750                HAL_DMA_Abort
 .text.HAL_DMA_Abort_IT
                0x08003794       0x98 CMakeFiles/TYS_Car_F103.elf.dir/Drivers/STM32F1xx_HAL_Driver/Src/stm32f1xx_hal_dma.c.obj
                0x08003794                HAL_DMA_Abort_IT
 .text.HAL_GPIO_Init
                0x0800382c      0x224 CMakeFiles/TYS_Car_F103.elf.dir/Drivers/STM32F1xx_HAL_Driver/Src/stm32f1xx_hal_gpio.c.obj
                0x0800382c                HAL_GPIO_Init
 .text.HAL_GPIO_ReadPin
                0x08003a50        0xe CMakeFiles/TYS_Car_F103.elf.dir/Drivers/STM32F1xx_HAL_Driver/Src/stm32f1xx_hal_gpio.c.obj
                0x08003a50                HAL_GPIO_ReadPin
 .text.HAL_GPIO_WritePin
                0x08003a5e        0xc CMakeFiles/TYS_Car_F103.elf.dir/Drivers/STM32F1xx_HAL_Driver/Src/stm32f1xx_hal_gpio.c.obj
                0x08003a5e                HAL_GPIO_WritePin
 .text.I2C_IsAcknowledgeFailed
                0x08003a6a       0x32 CMakeFiles/TYS_Car_F103.elf.dir/Drivers/STM32F1xx_HAL_Driver/Src/stm32f1xx_hal_i2c.c.obj
 .text.I2C_WaitOnFlagUntilTimeout
                0x08003a9c       0x7c CMakeFiles/TYS_Car_F103.elf.dir/Drivers/STM32F1xx_HAL_Driver/Src/stm32f1xx_hal_i2c.c.obj
 .text.I2C_WaitOnMasterAddressFlagUntilTimeout
                0x08003b18       0xaa CMakeFiles/TYS_Car_F103.elf.dir/Drivers/STM32F1xx_HAL_Driver/Src/stm32f1xx_hal_i2c.c.obj
 .text.I2C_WaitOnTXEFlagUntilTimeout
                0x08003bc2       0x54 CMakeFiles/TYS_Car_F103.elf.dir/Drivers/STM32F1xx_HAL_Driver/Src/stm32f1xx_hal_i2c.c.obj
 *fill*         0x08003c16        0x2 
 .text.I2C_RequestMemoryWrite
                0x08003c18       0xd8 CMakeFiles/TYS_Car_F103.elf.dir/Drivers/STM32F1xx_HAL_Driver/Src/stm32f1xx_hal_i2c.c.obj
 .text.I2C_RequestMemoryRead
                0x08003cf0      0x154 CMakeFiles/TYS_Car_F103.elf.dir/Drivers/STM32F1xx_HAL_Driver/Src/stm32f1xx_hal_i2c.c.obj
 .text.I2C_WaitOnBTFFlagUntilTimeout
                0x08003e44       0x54 CMakeFiles/TYS_Car_F103.elf.dir/Drivers/STM32F1xx_HAL_Driver/Src/stm32f1xx_hal_i2c.c.obj
 .text.I2C_WaitOnRXNEFlagUntilTimeout
                0x08003e98       0x6a CMakeFiles/TYS_Car_F103.elf.dir/Drivers/STM32F1xx_HAL_Driver/Src/stm32f1xx_hal_i2c.c.obj
 *fill*         0x08003f02        0x2 
 .text.HAL_I2C_Init
                0x08003f04      0x1bc CMakeFiles/TYS_Car_F103.elf.dir/Drivers/STM32F1xx_HAL_Driver/Src/stm32f1xx_hal_i2c.c.obj
                0x08003f04                HAL_I2C_Init
 .text.HAL_I2C_Mem_Write
                0x080040c0      0x164 CMakeFiles/TYS_Car_F103.elf.dir/Drivers/STM32F1xx_HAL_Driver/Src/stm32f1xx_hal_i2c.c.obj
                0x080040c0                HAL_I2C_Mem_Write
 .text.HAL_I2C_Mem_Read
                0x08004224      0x348 CMakeFiles/TYS_Car_F103.elf.dir/Drivers/STM32F1xx_HAL_Driver/Src/stm32f1xx_hal_i2c.c.obj
                0x08004224                HAL_I2C_Mem_Read
 .text.HAL_PCD_EP_DB_Receive
                0x0800456c      0x11c CMakeFiles/TYS_Car_F103.elf.dir/Drivers/STM32F1xx_HAL_Driver/Src/stm32f1xx_hal_pcd.c.obj
 .text.HAL_PCD_Init
                0x08004688      0x118 CMakeFiles/TYS_Car_F103.elf.dir/Drivers/STM32F1xx_HAL_Driver/Src/stm32f1xx_hal_pcd.c.obj
                0x08004688                HAL_PCD_Init
 .text.HAL_PCD_Start
                0x080047a0       0x32 CMakeFiles/TYS_Car_F103.elf.dir/Drivers/STM32F1xx_HAL_Driver/Src/stm32f1xx_hal_pcd.c.obj
                0x080047a0                HAL_PCD_Start
 .text.HAL_PCD_EP_DB_Transmit
                0x080047d2      0x420 CMakeFiles/TYS_Car_F103.elf.dir/Drivers/STM32F1xx_HAL_Driver/Src/stm32f1xx_hal_pcd.c.obj
 .text.PCD_EP_ISR_Handler
                0x08004bf2      0x438 CMakeFiles/TYS_Car_F103.elf.dir/Drivers/STM32F1xx_HAL_Driver/Src/stm32f1xx_hal_pcd.c.obj
 .text.HAL_PCD_SetAddress
                0x0800502a       0x28 CMakeFiles/TYS_Car_F103.elf.dir/Drivers/STM32F1xx_HAL_Driver/Src/stm32f1xx_hal_pcd.c.obj
                0x0800502a                HAL_PCD_SetAddress
 .text.HAL_PCD_IRQHandler
                0x08005052      0x1d4 CMakeFiles/TYS_Car_F103.elf.dir/Drivers/STM32F1xx_HAL_Driver/Src/stm32f1xx_hal_pcd.c.obj
                0x08005052                HAL_PCD_IRQHandler
 .text.HAL_PCD_EP_Open
                0x08005226       0x84 CMakeFiles/TYS_Car_F103.elf.dir/Drivers/STM32F1xx_HAL_Driver/Src/stm32f1xx_hal_pcd.c.obj
                0x08005226                HAL_PCD_EP_Open
 .text.HAL_PCD_EP_Close
                0x080052aa       0x64 CMakeFiles/TYS_Car_F103.elf.dir/Drivers/STM32F1xx_HAL_Driver/Src/stm32f1xx_hal_pcd.c.obj
                0x080052aa                HAL_PCD_EP_Close
 .text.HAL_PCD_EP_Receive
                0x0800530e       0x44 CMakeFiles/TYS_Car_F103.elf.dir/Drivers/STM32F1xx_HAL_Driver/Src/stm32f1xx_hal_pcd.c.obj
                0x0800530e                HAL_PCD_EP_Receive
 .text.HAL_PCD_EP_GetRxCount
                0x08005352       0x12 CMakeFiles/TYS_Car_F103.elf.dir/Drivers/STM32F1xx_HAL_Driver/Src/stm32f1xx_hal_pcd.c.obj
                0x08005352                HAL_PCD_EP_GetRxCount
 .text.HAL_PCD_EP_Transmit
                0x08005364       0x50 CMakeFiles/TYS_Car_F103.elf.dir/Drivers/STM32F1xx_HAL_Driver/Src/stm32f1xx_hal_pcd.c.obj
                0x08005364                HAL_PCD_EP_Transmit
 .text.HAL_PCD_EP_SetStall
                0x080053b4       0x78 CMakeFiles/TYS_Car_F103.elf.dir/Drivers/STM32F1xx_HAL_Driver/Src/stm32f1xx_hal_pcd.c.obj
                0x080053b4                HAL_PCD_EP_SetStall
 .text.HAL_PCD_EP_ClrStall
                0x0800542c       0x76 CMakeFiles/TYS_Car_F103.elf.dir/Drivers/STM32F1xx_HAL_Driver/Src/stm32f1xx_hal_pcd.c.obj
                0x0800542c                HAL_PCD_EP_ClrStall
 .text.HAL_PCDEx_PMAConfig
                0x080054a2       0x38 CMakeFiles/TYS_Car_F103.elf.dir/Drivers/STM32F1xx_HAL_Driver/Src/stm32f1xx_hal_pcd_ex.c.obj
                0x080054a2                HAL_PCDEx_PMAConfig
 *fill*         0x080054da        0x2 
 .text.RCC_Delay
                0x080054dc       0x2c CMakeFiles/TYS_Car_F103.elf.dir/Drivers/STM32F1xx_HAL_Driver/Src/stm32f1xx_hal_rcc.c.obj
 .text.HAL_RCC_OscConfig
                0x08005508      0x410 CMakeFiles/TYS_Car_F103.elf.dir/Drivers/STM32F1xx_HAL_Driver/Src/stm32f1xx_hal_rcc.c.obj
                0x08005508                HAL_RCC_OscConfig
 .text.HAL_RCC_GetSysClockFreq
                0x08005918       0x70 CMakeFiles/TYS_Car_F103.elf.dir/Drivers/STM32F1xx_HAL_Driver/Src/stm32f1xx_hal_rcc.c.obj
                0x08005918                HAL_RCC_GetSysClockFreq
 .text.HAL_RCC_ClockConfig
                0x08005988      0x16c CMakeFiles/TYS_Car_F103.elf.dir/Drivers/STM32F1xx_HAL_Driver/Src/stm32f1xx_hal_rcc.c.obj
                0x08005988                HAL_RCC_ClockConfig
 .text.HAL_RCC_GetHCLKFreq
                0x08005af4        0xc CMakeFiles/TYS_Car_F103.elf.dir/Drivers/STM32F1xx_HAL_Driver/Src/stm32f1xx_hal_rcc.c.obj
                0x08005af4                HAL_RCC_GetHCLKFreq
 .text.HAL_RCC_GetPCLK1Freq
                0x08005b00       0x20 CMakeFiles/TYS_Car_F103.elf.dir/Drivers/STM32F1xx_HAL_Driver/Src/stm32f1xx_hal_rcc.c.obj
                0x08005b00                HAL_RCC_GetPCLK1Freq
 .text.HAL_RCC_GetPCLK2Freq
                0x08005b20       0x20 CMakeFiles/TYS_Car_F103.elf.dir/Drivers/STM32F1xx_HAL_Driver/Src/stm32f1xx_hal_rcc.c.obj
                0x08005b20                HAL_RCC_GetPCLK2Freq
 .text.HAL_RCC_GetClockConfig
                0x08005b40       0x3c CMakeFiles/TYS_Car_F103.elf.dir/Drivers/STM32F1xx_HAL_Driver/Src/stm32f1xx_hal_rcc.c.obj
                0x08005b40                HAL_RCC_GetClockConfig
 .text.HAL_RCCEx_PeriphCLKConfig
                0x08005b7c      0x118 CMakeFiles/TYS_Car_F103.elf.dir/Drivers/STM32F1xx_HAL_Driver/Src/stm32f1xx_hal_rcc_ex.c.obj
                0x08005b7c                HAL_RCCEx_PeriphCLKConfig
 .text.SPI_WaitFlagStateUntilTimeout
                0x08005c94       0xd4 CMakeFiles/TYS_Car_F103.elf.dir/Drivers/STM32F1xx_HAL_Driver/Src/stm32f1xx_hal_spi.c.obj
 .text.SPI_EndRxTxTransaction
                0x08005d68       0x24 CMakeFiles/TYS_Car_F103.elf.dir/Drivers/STM32F1xx_HAL_Driver/Src/stm32f1xx_hal_spi.c.obj
 .text.HAL_SPI_Init
                0x08005d8c       0xb6 CMakeFiles/TYS_Car_F103.elf.dir/Drivers/STM32F1xx_HAL_Driver/Src/stm32f1xx_hal_spi.c.obj
                0x08005d8c                HAL_SPI_Init
 .text.HAL_SPI_Transmit
                0x08005e42      0x1b8 CMakeFiles/TYS_Car_F103.elf.dir/Drivers/STM32F1xx_HAL_Driver/Src/stm32f1xx_hal_spi.c.obj
                0x08005e42                HAL_SPI_Transmit
 *fill*         0x08005ffa        0x2 
 .text.TIM_OC1_SetConfig
                0x08005ffc       0x5c CMakeFiles/TYS_Car_F103.elf.dir/Drivers/STM32F1xx_HAL_Driver/Src/stm32f1xx_hal_tim.c.obj
 .text.TIM_OC3_SetConfig
                0x08006058       0x64 CMakeFiles/TYS_Car_F103.elf.dir/Drivers/STM32F1xx_HAL_Driver/Src/stm32f1xx_hal_tim.c.obj
 .text.TIM_OC4_SetConfig
                0x080060bc       0x48 CMakeFiles/TYS_Car_F103.elf.dir/Drivers/STM32F1xx_HAL_Driver/Src/stm32f1xx_hal_tim.c.obj
 .text.TIM_TI1_ConfigInputStage
                0x08006104       0x24 CMakeFiles/TYS_Car_F103.elf.dir/Drivers/STM32F1xx_HAL_Driver/Src/stm32f1xx_hal_tim.c.obj
 .text.TIM_TI2_ConfigInputStage
                0x08006128       0x26 CMakeFiles/TYS_Car_F103.elf.dir/Drivers/STM32F1xx_HAL_Driver/Src/stm32f1xx_hal_tim.c.obj
 .text.TIM_ITRx_SetConfig
                0x0800614e       0x10 CMakeFiles/TYS_Car_F103.elf.dir/Drivers/STM32F1xx_HAL_Driver/Src/stm32f1xx_hal_tim.c.obj
 *fill*         0x0800615e        0x2 
 .text.HAL_TIM_Base_Start_IT
                0x08006160       0x68 CMakeFiles/TYS_Car_F103.elf.dir/Drivers/STM32F1xx_HAL_Driver/Src/stm32f1xx_hal_tim.c.obj
                0x08006160                HAL_TIM_Base_Start_IT
 .text.HAL_TIM_PWM_MspInit
                0x080061c8        0x2 CMakeFiles/TYS_Car_F103.elf.dir/Drivers/STM32F1xx_HAL_Driver/Src/stm32f1xx_hal_tim.c.obj
                0x080061c8                HAL_TIM_PWM_MspInit
 .text.HAL_TIM_OC_DelayElapsedCallback
                0x080061ca        0x2 CMakeFiles/TYS_Car_F103.elf.dir/Drivers/STM32F1xx_HAL_Driver/Src/stm32f1xx_hal_tim.c.obj
                0x080061ca                HAL_TIM_OC_DelayElapsedCallback
 .text.HAL_TIM_IC_CaptureCallback
                0x080061cc        0x2 CMakeFiles/TYS_Car_F103.elf.dir/Drivers/STM32F1xx_HAL_Driver/Src/stm32f1xx_hal_tim.c.obj
                0x080061cc                HAL_TIM_IC_CaptureCallback
 .text.HAL_TIM_PWM_PulseFinishedCallback
                0x080061ce        0x2 CMakeFiles/TYS_Car_F103.elf.dir/Drivers/STM32F1xx_HAL_Driver/Src/stm32f1xx_hal_tim.c.obj
                0x080061ce                HAL_TIM_PWM_PulseFinishedCallback
 .text.HAL_TIM_TriggerCallback
                0x080061d0        0x2 CMakeFiles/TYS_Car_F103.elf.dir/Drivers/STM32F1xx_HAL_Driver/Src/stm32f1xx_hal_tim.c.obj
                0x080061d0                HAL_TIM_TriggerCallback
 .text.HAL_TIM_IRQHandler
                0x080061d2      0x17a CMakeFiles/TYS_Car_F103.elf.dir/Drivers/STM32F1xx_HAL_Driver/Src/stm32f1xx_hal_tim.c.obj
                0x080061d2                HAL_TIM_IRQHandler
 .text.TIM_Base_SetConfig
                0x0800634c       0x74 CMakeFiles/TYS_Car_F103.elf.dir/Drivers/STM32F1xx_HAL_Driver/Src/stm32f1xx_hal_tim.c.obj
                0x0800634c                TIM_Base_SetConfig
 .text.HAL_TIM_Base_Init
                0x080063c0       0x58 CMakeFiles/TYS_Car_F103.elf.dir/Drivers/STM32F1xx_HAL_Driver/Src/stm32f1xx_hal_tim.c.obj
                0x080063c0                HAL_TIM_Base_Init
 .text.HAL_TIM_PWM_Init
                0x08006418       0x58 CMakeFiles/TYS_Car_F103.elf.dir/Drivers/STM32F1xx_HAL_Driver/Src/stm32f1xx_hal_tim.c.obj
                0x08006418                HAL_TIM_PWM_Init
 .text.HAL_TIM_Encoder_Init
                0x08006470       0xb8 CMakeFiles/TYS_Car_F103.elf.dir/Drivers/STM32F1xx_HAL_Driver/Src/stm32f1xx_hal_tim.c.obj
                0x08006470                HAL_TIM_Encoder_Init
 .text.TIM_OC2_SetConfig
                0x08006528       0x64 CMakeFiles/TYS_Car_F103.elf.dir/Drivers/STM32F1xx_HAL_Driver/Src/stm32f1xx_hal_tim.c.obj
                0x08006528                TIM_OC2_SetConfig
 .text.HAL_TIM_PWM_ConfigChannel
                0x0800658c       0xd0 CMakeFiles/TYS_Car_F103.elf.dir/Drivers/STM32F1xx_HAL_Driver/Src/stm32f1xx_hal_tim.c.obj
                0x0800658c                HAL_TIM_PWM_ConfigChannel
 .text.TIM_ETR_SetConfig
                0x0800665c       0x18 CMakeFiles/TYS_Car_F103.elf.dir/Drivers/STM32F1xx_HAL_Driver/Src/stm32f1xx_hal_tim.c.obj
                0x0800665c                TIM_ETR_SetConfig
 .text.HAL_TIM_ConfigClockSource
                0x08006674       0xda CMakeFiles/TYS_Car_F103.elf.dir/Drivers/STM32F1xx_HAL_Driver/Src/stm32f1xx_hal_tim.c.obj
                0x08006674                HAL_TIM_ConfigClockSource
 .text.TIM_CCxChannelCmd
                0x0800674e       0x1e CMakeFiles/TYS_Car_F103.elf.dir/Drivers/STM32F1xx_HAL_Driver/Src/stm32f1xx_hal_tim.c.obj
                0x0800674e                TIM_CCxChannelCmd
 .text.HAL_TIM_PWM_Start
                0x0800676c       0xdc CMakeFiles/TYS_Car_F103.elf.dir/Drivers/STM32F1xx_HAL_Driver/Src/stm32f1xx_hal_tim.c.obj
                0x0800676c                HAL_TIM_PWM_Start
 .text.HAL_TIM_Encoder_Start
                0x08006848       0xcc CMakeFiles/TYS_Car_F103.elf.dir/Drivers/STM32F1xx_HAL_Driver/Src/stm32f1xx_hal_tim.c.obj
                0x08006848                HAL_TIM_Encoder_Start
 .text.HAL_TIMEx_MasterConfigSynchronization
                0x08006914       0x6c CMakeFiles/TYS_Car_F103.elf.dir/Drivers/STM32F1xx_HAL_Driver/Src/stm32f1xx_hal_tim_ex.c.obj
                0x08006914                HAL_TIMEx_MasterConfigSynchronization
 .text.HAL_TIMEx_CommutCallback
                0x08006980        0x2 CMakeFiles/TYS_Car_F103.elf.dir/Drivers/STM32F1xx_HAL_Driver/Src/stm32f1xx_hal_tim_ex.c.obj
                0x08006980                HAL_TIMEx_CommutCallback
 .text.HAL_TIMEx_BreakCallback
                0x08006982        0x2 CMakeFiles/TYS_Car_F103.elf.dir/Drivers/STM32F1xx_HAL_Driver/Src/stm32f1xx_hal_tim_ex.c.obj
                0x08006982                HAL_TIMEx_BreakCallback
 .text.UART_EndRxTransfer
                0x08006984       0x32 CMakeFiles/TYS_Car_F103.elf.dir/Drivers/STM32F1xx_HAL_Driver/Src/stm32f1xx_hal_uart.c.obj
 .text.UART_Transmit_IT
                0x080069b6       0x60 CMakeFiles/TYS_Car_F103.elf.dir/Drivers/STM32F1xx_HAL_Driver/Src/stm32f1xx_hal_uart.c.obj
 *fill*         0x08006a16        0x2 
 .text.UART_SetConfig
                0x08006a18       0x94 CMakeFiles/TYS_Car_F103.elf.dir/Drivers/STM32F1xx_HAL_Driver/Src/stm32f1xx_hal_uart.c.obj
 .text.HAL_UART_Init
                0x08006aac       0x5e CMakeFiles/TYS_Car_F103.elf.dir/Drivers/STM32F1xx_HAL_Driver/Src/stm32f1xx_hal_uart.c.obj
                0x08006aac                HAL_UART_Init
 .text.HAL_UART_Transmit_IT
                0x08006b0a       0x4e CMakeFiles/TYS_Car_F103.elf.dir/Drivers/STM32F1xx_HAL_Driver/Src/stm32f1xx_hal_uart.c.obj
                0x08006b0a                HAL_UART_Transmit_IT
 .text.HAL_UART_TxCpltCallback
                0x08006b58        0x2 CMakeFiles/TYS_Car_F103.elf.dir/Drivers/STM32F1xx_HAL_Driver/Src/stm32f1xx_hal_uart.c.obj
                0x08006b58                HAL_UART_TxCpltCallback
 .text.UART_EndTransmit_IT
                0x08006b5a       0x1a CMakeFiles/TYS_Car_F103.elf.dir/Drivers/STM32F1xx_HAL_Driver/Src/stm32f1xx_hal_uart.c.obj
 .text.HAL_UART_ErrorCallback
                0x08006b74        0x2 CMakeFiles/TYS_Car_F103.elf.dir/Drivers/STM32F1xx_HAL_Driver/Src/stm32f1xx_hal_uart.c.obj
                0x08006b74                HAL_UART_ErrorCallback
 .text.UART_DMAAbortOnError
                0x08006b76       0x10 CMakeFiles/TYS_Car_F103.elf.dir/Drivers/STM32F1xx_HAL_Driver/Src/stm32f1xx_hal_uart.c.obj
 .text.HAL_UARTEx_RxEventCallback
                0x08006b86        0x2 CMakeFiles/TYS_Car_F103.elf.dir/Drivers/STM32F1xx_HAL_Driver/Src/stm32f1xx_hal_uart.c.obj
                0x08006b86                HAL_UARTEx_RxEventCallback
 .text.UART_Receive_IT
                0x08006b88       0xd4 CMakeFiles/TYS_Car_F103.elf.dir/Drivers/STM32F1xx_HAL_Driver/Src/stm32f1xx_hal_uart.c.obj
 .text.HAL_UART_IRQHandler
                0x08006c5c      0x204 CMakeFiles/TYS_Car_F103.elf.dir/Drivers/STM32F1xx_HAL_Driver/Src/stm32f1xx_hal_uart.c.obj
                0x08006c5c                HAL_UART_IRQHandler
 .text.UART_Start_Receive_IT
                0x08006e60       0x36 CMakeFiles/TYS_Car_F103.elf.dir/Drivers/STM32F1xx_HAL_Driver/Src/stm32f1xx_hal_uart.c.obj
                0x08006e60                UART_Start_Receive_IT
 .text.HAL_UART_Receive_IT
                0x08006e96       0x38 CMakeFiles/TYS_Car_F103.elf.dir/Drivers/STM32F1xx_HAL_Driver/Src/stm32f1xx_hal_uart.c.obj
                0x08006e96                HAL_UART_Receive_IT
 .text.USB_CoreInit
                0x08006ece        0xe CMakeFiles/TYS_Car_F103.elf.dir/Drivers/STM32F1xx_HAL_Driver/Src/stm32f1xx_ll_usb.c.obj
                0x08006ece                USB_CoreInit
 .text.USB_EnableGlobalInt
                0x08006edc       0x12 CMakeFiles/TYS_Car_F103.elf.dir/Drivers/STM32F1xx_HAL_Driver/Src/stm32f1xx_ll_usb.c.obj
                0x08006edc                USB_EnableGlobalInt
 .text.USB_DisableGlobalInt
                0x08006eee       0x14 CMakeFiles/TYS_Car_F103.elf.dir/Drivers/STM32F1xx_HAL_Driver/Src/stm32f1xx_ll_usb.c.obj
                0x08006eee                USB_DisableGlobalInt
 .text.USB_SetCurrentMode
                0x08006f02        0x4 CMakeFiles/TYS_Car_F103.elf.dir/Drivers/STM32F1xx_HAL_Driver/Src/stm32f1xx_ll_usb.c.obj
                0x08006f02                USB_SetCurrentMode
 .text.USB_DevInit
                0x08006f06       0x22 CMakeFiles/TYS_Car_F103.elf.dir/Drivers/STM32F1xx_HAL_Driver/Src/stm32f1xx_ll_usb.c.obj
                0x08006f06                USB_DevInit
 .text.USB_ActivateEndpoint
                0x08006f28      0x378 CMakeFiles/TYS_Car_F103.elf.dir/Drivers/STM32F1xx_HAL_Driver/Src/stm32f1xx_ll_usb.c.obj
                0x08006f28                USB_ActivateEndpoint
 .text.USB_DeactivateEndpoint
                0x080072a0      0x1d6 CMakeFiles/TYS_Car_F103.elf.dir/Drivers/STM32F1xx_HAL_Driver/Src/stm32f1xx_ll_usb.c.obj
                0x080072a0                USB_DeactivateEndpoint
 .text.USB_EPSetStall
                0x08007476       0x4a CMakeFiles/TYS_Car_F103.elf.dir/Drivers/STM32F1xx_HAL_Driver/Src/stm32f1xx_ll_usb.c.obj
                0x08007476                USB_EPSetStall
 .text.USB_EPClearStall
                0x080074c0       0xa2 CMakeFiles/TYS_Car_F103.elf.dir/Drivers/STM32F1xx_HAL_Driver/Src/stm32f1xx_ll_usb.c.obj
                0x080074c0                USB_EPClearStall
 .text.USB_SetDevAddress
                0x08007562        0xc CMakeFiles/TYS_Car_F103.elf.dir/Drivers/STM32F1xx_HAL_Driver/Src/stm32f1xx_ll_usb.c.obj
                0x08007562                USB_SetDevAddress
 .text.USB_DevConnect
                0x0800756e        0x4 CMakeFiles/TYS_Car_F103.elf.dir/Drivers/STM32F1xx_HAL_Driver/Src/stm32f1xx_ll_usb.c.obj
                0x0800756e                USB_DevConnect
 .text.USB_DevDisconnect
                0x08007572        0x4 CMakeFiles/TYS_Car_F103.elf.dir/Drivers/STM32F1xx_HAL_Driver/Src/stm32f1xx_ll_usb.c.obj
                0x08007572                USB_DevDisconnect
 .text.USB_ReadInterrupts
                0x08007576        0x8 CMakeFiles/TYS_Car_F103.elf.dir/Drivers/STM32F1xx_HAL_Driver/Src/stm32f1xx_ll_usb.c.obj
                0x08007576                USB_ReadInterrupts
 .text.USB_EP0_OutStart
                0x0800757e        0x4 CMakeFiles/TYS_Car_F103.elf.dir/Drivers/STM32F1xx_HAL_Driver/Src/stm32f1xx_ll_usb.c.obj
                0x0800757e                USB_EP0_OutStart
 .text.USB_WritePMA
                0x08007582       0x28 CMakeFiles/TYS_Car_F103.elf.dir/Drivers/STM32F1xx_HAL_Driver/Src/stm32f1xx_ll_usb.c.obj
                0x08007582                USB_WritePMA
 .text.USB_EPStartXfer
                0x080075aa      0x8b2 CMakeFiles/TYS_Car_F103.elf.dir/Drivers/STM32F1xx_HAL_Driver/Src/stm32f1xx_ll_usb.c.obj
                0x080075aa                USB_EPStartXfer
 .text.USB_ReadPMA
                0x08007e5c       0x30 CMakeFiles/TYS_Car_F103.elf.dir/Drivers/STM32F1xx_HAL_Driver/Src/stm32f1xx_ll_usb.c.obj
                0x08007e5c                USB_ReadPMA
 .text.USBD_CDC_EP0_RxReady
                0x08007e8c       0x28 CMakeFiles/TYS_Car_F103.elf.dir/Middlewares/ST/STM32_USB_Device_Library/Class/CDC/Src/usbd_cdc.c.obj
 .text.USBD_CDC_GetFSCfgDesc
                0x08007eb4        0xc CMakeFiles/TYS_Car_F103.elf.dir/Middlewares/ST/STM32_USB_Device_Library/Class/CDC/Src/usbd_cdc.c.obj
 .text.USBD_CDC_GetHSCfgDesc
                0x08007ec0        0xc CMakeFiles/TYS_Car_F103.elf.dir/Middlewares/ST/STM32_USB_Device_Library/Class/CDC/Src/usbd_cdc.c.obj
 .text.USBD_CDC_GetOtherSpeedCfgDesc
                0x08007ecc        0xc CMakeFiles/TYS_Car_F103.elf.dir/Middlewares/ST/STM32_USB_Device_Library/Class/CDC/Src/usbd_cdc.c.obj
 .text.USBD_CDC_GetDeviceQualifierDescriptor
                0x08007ed8        0xc CMakeFiles/TYS_Car_F103.elf.dir/Middlewares/ST/STM32_USB_Device_Library/Class/CDC/Src/usbd_cdc.c.obj
                0x08007ed8                USBD_CDC_GetDeviceQualifierDescriptor
 .text.USBD_CDC_DataOut
                0x08007ee4       0x2e CMakeFiles/TYS_Car_F103.elf.dir/Middlewares/ST/STM32_USB_Device_Library/Class/CDC/Src/usbd_cdc.c.obj
 .text.USBD_CDC_DataIn
                0x08007f12       0x4e CMakeFiles/TYS_Car_F103.elf.dir/Middlewares/ST/STM32_USB_Device_Library/Class/CDC/Src/usbd_cdc.c.obj
 .text.USBD_CDC_Setup
                0x08007f60       0xd6 CMakeFiles/TYS_Car_F103.elf.dir/Middlewares/ST/STM32_USB_Device_Library/Class/CDC/Src/usbd_cdc.c.obj
 .text.USBD_CDC_DeInit
                0x08008036       0x42 CMakeFiles/TYS_Car_F103.elf.dir/Middlewares/ST/STM32_USB_Device_Library/Class/CDC/Src/usbd_cdc.c.obj
 .text.USBD_CDC_Init
                0x08008078       0xaa CMakeFiles/TYS_Car_F103.elf.dir/Middlewares/ST/STM32_USB_Device_Library/Class/CDC/Src/usbd_cdc.c.obj
 .text.USBD_CDC_RegisterInterface
                0x08008122        0xe CMakeFiles/TYS_Car_F103.elf.dir/Middlewares/ST/STM32_USB_Device_Library/Class/CDC/Src/usbd_cdc.c.obj
                0x08008122                USBD_CDC_RegisterInterface
 .text.USBD_CDC_SetTxBuffer
                0x08008130       0x10 CMakeFiles/TYS_Car_F103.elf.dir/Middlewares/ST/STM32_USB_Device_Library/Class/CDC/Src/usbd_cdc.c.obj
                0x08008130                USBD_CDC_SetTxBuffer
 .text.USBD_CDC_SetRxBuffer
                0x08008140        0xc CMakeFiles/TYS_Car_F103.elf.dir/Middlewares/ST/STM32_USB_Device_Library/Class/CDC/Src/usbd_cdc.c.obj
                0x08008140                USBD_CDC_SetRxBuffer
 .text.USBD_CDC_TransmitPacket
                0x0800814c       0x34 CMakeFiles/TYS_Car_F103.elf.dir/Middlewares/ST/STM32_USB_Device_Library/Class/CDC/Src/usbd_cdc.c.obj
                0x0800814c                USBD_CDC_TransmitPacket
 .text.USBD_CDC_ReceivePacket
                0x08008180       0x30 CMakeFiles/TYS_Car_F103.elf.dir/Middlewares/ST/STM32_USB_Device_Library/Class/CDC/Src/usbd_cdc.c.obj
                0x08008180                USBD_CDC_ReceivePacket
 .text.USBD_Init
                0x080081b0       0x2e CMakeFiles/TYS_Car_F103.elf.dir/Middlewares/ST/STM32_USB_Device_Library/Core/Src/usbd_core.c.obj
                0x080081b0                USBD_Init
 .text.USBD_RegisterClass
                0x080081de        0xe CMakeFiles/TYS_Car_F103.elf.dir/Middlewares/ST/STM32_USB_Device_Library/Core/Src/usbd_core.c.obj
                0x080081de                USBD_RegisterClass
 .text.USBD_Start
                0x080081ec        0xa CMakeFiles/TYS_Car_F103.elf.dir/Middlewares/ST/STM32_USB_Device_Library/Core/Src/usbd_core.c.obj
                0x080081ec                USBD_Start
 .text.USBD_SetClassConfig
                0x080081f6       0x18 CMakeFiles/TYS_Car_F103.elf.dir/Middlewares/ST/STM32_USB_Device_Library/Core/Src/usbd_core.c.obj
                0x080081f6                USBD_SetClassConfig
 .text.USBD_ClrClassConfig
                0x0800820e        0xe CMakeFiles/TYS_Car_F103.elf.dir/Middlewares/ST/STM32_USB_Device_Library/Core/Src/usbd_core.c.obj
                0x0800820e                USBD_ClrClassConfig
 .text.USBD_LL_SetupStage
                0x0800821c       0x5a CMakeFiles/TYS_Car_F103.elf.dir/Middlewares/ST/STM32_USB_Device_Library/Core/Src/usbd_core.c.obj
                0x0800821c                USBD_LL_SetupStage
 .text.USBD_LL_DataOutStage
                0x08008276       0x8c CMakeFiles/TYS_Car_F103.elf.dir/Middlewares/ST/STM32_USB_Device_Library/Core/Src/usbd_core.c.obj
                0x08008276                USBD_LL_DataOutStage
 .text.USBD_LL_DataInStage
                0x08008302       0xd0 CMakeFiles/TYS_Car_F103.elf.dir/Middlewares/ST/STM32_USB_Device_Library/Core/Src/usbd_core.c.obj
                0x08008302                USBD_LL_DataInStage
 .text.USBD_LL_Reset
                0x080083d2       0x50 CMakeFiles/TYS_Car_F103.elf.dir/Middlewares/ST/STM32_USB_Device_Library/Core/Src/usbd_core.c.obj
                0x080083d2                USBD_LL_Reset
 .text.USBD_LL_SetSpeed
                0x08008422        0x6 CMakeFiles/TYS_Car_F103.elf.dir/Middlewares/ST/STM32_USB_Device_Library/Core/Src/usbd_core.c.obj
                0x08008422                USBD_LL_SetSpeed
 .text.USBD_LL_Suspend
                0x08008428       0x12 CMakeFiles/TYS_Car_F103.elf.dir/Middlewares/ST/STM32_USB_Device_Library/Core/Src/usbd_core.c.obj
                0x08008428                USBD_LL_Suspend
 .text.USBD_LL_Resume
                0x0800843a       0x16 CMakeFiles/TYS_Car_F103.elf.dir/Middlewares/ST/STM32_USB_Device_Library/Core/Src/usbd_core.c.obj
                0x0800843a                USBD_LL_Resume
 .text.USBD_LL_SOF
                0x08008450       0x1c CMakeFiles/TYS_Car_F103.elf.dir/Middlewares/ST/STM32_USB_Device_Library/Core/Src/usbd_core.c.obj
                0x08008450                USBD_LL_SOF
 .text.USBD_GetLen
                0x0800846c       0x14 CMakeFiles/TYS_Car_F103.elf.dir/Middlewares/ST/STM32_USB_Device_Library/Core/Src/usbd_ctlreq.c.obj
 .text.USBD_SetFeature
                0x08008480       0x14 CMakeFiles/TYS_Car_F103.elf.dir/Middlewares/ST/STM32_USB_Device_Library/Core/Src/usbd_ctlreq.c.obj
 .text.USBD_ParseSetupRequest
                0x08008494       0x28 CMakeFiles/TYS_Car_F103.elf.dir/Middlewares/ST/STM32_USB_Device_Library/Core/Src/usbd_ctlreq.c.obj
                0x08008494                USBD_ParseSetupRequest
 .text.USBD_CtlError
                0x080084bc       0x14 CMakeFiles/TYS_Car_F103.elf.dir/Middlewares/ST/STM32_USB_Device_Library/Core/Src/usbd_ctlreq.c.obj
                0x080084bc                USBD_CtlError
 .text.USBD_GetDescriptor
                0x080084d0      0x186 CMakeFiles/TYS_Car_F103.elf.dir/Middlewares/ST/STM32_USB_Device_Library/Core/Src/usbd_ctlreq.c.obj
 .text.USBD_SetAddress
                0x08008656       0x4e CMakeFiles/TYS_Car_F103.elf.dir/Middlewares/ST/STM32_USB_Device_Library/Core/Src/usbd_ctlreq.c.obj
 .text.USBD_SetConfig
                0x080086a4       0xb0 CMakeFiles/TYS_Car_F103.elf.dir/Middlewares/ST/STM32_USB_Device_Library/Core/Src/usbd_ctlreq.c.obj
 .text.USBD_GetConfig
                0x08008754       0x3e CMakeFiles/TYS_Car_F103.elf.dir/Middlewares/ST/STM32_USB_Device_Library/Core/Src/usbd_ctlreq.c.obj
 .text.USBD_GetStatus
                0x08008792       0x38 CMakeFiles/TYS_Car_F103.elf.dir/Middlewares/ST/STM32_USB_Device_Library/Core/Src/usbd_ctlreq.c.obj
 .text.USBD_ClrFeature
                0x080087ca       0x26 CMakeFiles/TYS_Car_F103.elf.dir/Middlewares/ST/STM32_USB_Device_Library/Core/Src/usbd_ctlreq.c.obj
 .text.USBD_StdDevReq
                0x080087f0       0x68 CMakeFiles/TYS_Car_F103.elf.dir/Middlewares/ST/STM32_USB_Device_Library/Core/Src/usbd_ctlreq.c.obj
                0x080087f0                USBD_StdDevReq
 .text.USBD_StdItfReq
                0x08008858       0x60 CMakeFiles/TYS_Car_F103.elf.dir/Middlewares/ST/STM32_USB_Device_Library/Core/Src/usbd_ctlreq.c.obj
                0x08008858                USBD_StdItfReq
 .text.USBD_StdEPReq
                0x080088b8      0x1e2 CMakeFiles/TYS_Car_F103.elf.dir/Middlewares/ST/STM32_USB_Device_Library/Core/Src/usbd_ctlreq.c.obj
                0x080088b8                USBD_StdEPReq
 .text.USBD_GetString
                0x08008a9a       0x3a CMakeFiles/TYS_Car_F103.elf.dir/Middlewares/ST/STM32_USB_Device_Library/Core/Src/usbd_ctlreq.c.obj
                0x08008a9a                USBD_GetString
 .text.USBD_CtlSendData
                0x08008ad4       0x1a CMakeFiles/TYS_Car_F103.elf.dir/Middlewares/ST/STM32_USB_Device_Library/Core/Src/usbd_ioreq.c.obj
                0x08008ad4                USBD_CtlSendData
 .text.USBD_CtlContinueSendData
                0x08008aee       0x10 CMakeFiles/TYS_Car_F103.elf.dir/Middlewares/ST/STM32_USB_Device_Library/Core/Src/usbd_ioreq.c.obj
                0x08008aee                USBD_CtlContinueSendData
 .text.USBD_CtlPrepareRx
                0x08008afe       0x1e CMakeFiles/TYS_Car_F103.elf.dir/Middlewares/ST/STM32_USB_Device_Library/Core/Src/usbd_ioreq.c.obj
                0x08008afe                USBD_CtlPrepareRx
 .text.USBD_CtlContinueRx
                0x08008b1c       0x10 CMakeFiles/TYS_Car_F103.elf.dir/Middlewares/ST/STM32_USB_Device_Library/Core/Src/usbd_ioreq.c.obj
                0x08008b1c                USBD_CtlContinueRx
 .text.USBD_CtlSendStatus
                0x08008b2c       0x16 CMakeFiles/TYS_Car_F103.elf.dir/Middlewares/ST/STM32_USB_Device_Library/Core/Src/usbd_ioreq.c.obj
                0x08008b2c                USBD_CtlSendStatus
 .text.USBD_CtlReceiveStatus
                0x08008b42       0x16 CMakeFiles/TYS_Car_F103.elf.dir/Middlewares/ST/STM32_USB_Device_Library/Core/Src/usbd_ioreq.c.obj
                0x08008b42                USBD_CtlReceiveStatus
 .text.makeFreeRtosPriority
                0x08008b58        0xc CMakeFiles/TYS_Car_F103.elf.dir/Middlewares/Third_Party/FreeRTOS/Source/CMSIS_RTOS/cmsis_os.c.obj
 .text.osKernelStart
                0x08008b64        0xa CMakeFiles/TYS_Car_F103.elf.dir/Middlewares/Third_Party/FreeRTOS/Source/CMSIS_RTOS/cmsis_os.c.obj
                0x08008b64                osKernelStart
 .text.osThreadCreate
                0x08008b6e       0x6a CMakeFiles/TYS_Car_F103.elf.dir/Middlewares/Third_Party/FreeRTOS/Source/CMSIS_RTOS/cmsis_os.c.obj
                0x08008b6e                osThreadCreate
 .text.osDelay  0x08008bd8        0xe CMakeFiles/TYS_Car_F103.elf.dir/Middlewares/Third_Party/FreeRTOS/Source/CMSIS_RTOS/cmsis_os.c.obj
                0x08008bd8                osDelay
 .text.vListInitialise
                0x08008be6       0x16 CMakeFiles/TYS_Car_F103.elf.dir/Middlewares/Third_Party/FreeRTOS/Source/list.c.obj
                0x08008be6                vListInitialise
 .text.vListInitialiseItem
                0x08008bfc        0x6 CMakeFiles/TYS_Car_F103.elf.dir/Middlewares/Third_Party/FreeRTOS/Source/list.c.obj
                0x08008bfc                vListInitialiseItem
 .text.vListInsertEnd
                0x08008c02       0x16 CMakeFiles/TYS_Car_F103.elf.dir/Middlewares/Third_Party/FreeRTOS/Source/list.c.obj
                0x08008c02                vListInsertEnd
 .text.vListInsert
                0x08008c18       0x32 CMakeFiles/TYS_Car_F103.elf.dir/Middlewares/Third_Party/FreeRTOS/Source/list.c.obj
                0x08008c18                vListInsert
 .text.uxListRemove
                0x08008c4a       0x26 CMakeFiles/TYS_Car_F103.elf.dir/Middlewares/Third_Party/FreeRTOS/Source/list.c.obj
                0x08008c4a                uxListRemove
 .text.prvTaskExitError
                0x08008c70       0x40 CMakeFiles/TYS_Car_F103.elf.dir/Middlewares/Third_Party/FreeRTOS/Source/portable/GCC/ARM_CM3/port.c.obj
 .text.prvPortStartFirstTask
                0x08008cb0       0x20 CMakeFiles/TYS_Car_F103.elf.dir/Middlewares/Third_Party/FreeRTOS/Source/portable/GCC/ARM_CM3/port.c.obj
 .text.pxPortInitialiseStack
                0x08008cd0       0x24 CMakeFiles/TYS_Car_F103.elf.dir/Middlewares/Third_Party/FreeRTOS/Source/portable/GCC/ARM_CM3/port.c.obj
                0x08008cd0                pxPortInitialiseStack
 *fill*         0x08008cf4        0xc 
 .text.SVC_Handler
                0x08008d00       0x24 CMakeFiles/TYS_Car_F103.elf.dir/Middlewares/Third_Party/FreeRTOS/Source/portable/GCC/ARM_CM3/port.c.obj
                0x08008d00                SVC_Handler
 .text.vPortEnterCritical
                0x08008d24       0x44 CMakeFiles/TYS_Car_F103.elf.dir/Middlewares/Third_Party/FreeRTOS/Source/portable/GCC/ARM_CM3/port.c.obj
                0x08008d24                vPortEnterCritical
 .text.vPortExitCritical
                0x08008d68       0x2c CMakeFiles/TYS_Car_F103.elf.dir/Middlewares/Third_Party/FreeRTOS/Source/portable/GCC/ARM_CM3/port.c.obj
                0x08008d68                vPortExitCritical
 *fill*         0x08008d94        0xc 
 .text.PendSV_Handler
                0x08008da0       0x44 CMakeFiles/TYS_Car_F103.elf.dir/Middlewares/Third_Party/FreeRTOS/Source/portable/GCC/ARM_CM3/port.c.obj
                0x08008da0                PendSV_Handler
 .text.SysTick_Handler
                0x08008de4       0x2c CMakeFiles/TYS_Car_F103.elf.dir/Middlewares/Third_Party/FreeRTOS/Source/portable/GCC/ARM_CM3/port.c.obj
                0x08008de4                SysTick_Handler
 .text.vPortSetupTimerInterrupt
                0x08008e10       0x28 CMakeFiles/TYS_Car_F103.elf.dir/Middlewares/Third_Party/FreeRTOS/Source/portable/GCC/ARM_CM3/port.c.obj
                0x08008e10                vPortSetupTimerInterrupt
 .text.xPortStartScheduler
                0x08008e38       0xc0 CMakeFiles/TYS_Car_F103.elf.dir/Middlewares/Third_Party/FreeRTOS/Source/portable/GCC/ARM_CM3/port.c.obj
                0x08008e38                xPortStartScheduler
 .text.prvHeapInit
                0x08008ef8       0x64 CMakeFiles/TYS_Car_F103.elf.dir/Middlewares/Third_Party/FreeRTOS/Source/portable/MemMang/heap_4.c.obj
 .text.prvInsertBlockIntoFreeList
                0x08008f5c       0x60 CMakeFiles/TYS_Car_F103.elf.dir/Middlewares/Third_Party/FreeRTOS/Source/portable/MemMang/heap_4.c.obj
 .text.pvPortMalloc
                0x08008fbc       0xf0 CMakeFiles/TYS_Car_F103.elf.dir/Middlewares/Third_Party/FreeRTOS/Source/portable/MemMang/heap_4.c.obj
                0x08008fbc                pvPortMalloc
 .text.vPortFree
                0x080090ac       0x70 CMakeFiles/TYS_Car_F103.elf.dir/Middlewares/Third_Party/FreeRTOS/Source/portable/MemMang/heap_4.c.obj
                0x080090ac                vPortFree
 .text.prvResetNextTaskUnblockTime
                0x0800911c       0x2c CMakeFiles/TYS_Car_F103.elf.dir/Middlewares/Third_Party/FreeRTOS/Source/tasks.c.obj
 .text.prvInitialiseNewTask
                0x08009148       0x94 CMakeFiles/TYS_Car_F103.elf.dir/Middlewares/Third_Party/FreeRTOS/Source/tasks.c.obj
 .text.prvInitialiseTaskLists
                0x080091dc       0x68 CMakeFiles/TYS_Car_F103.elf.dir/Middlewares/Third_Party/FreeRTOS/Source/tasks.c.obj
 .text.prvAddNewTaskToReadyList
                0x08009244       0xa8 CMakeFiles/TYS_Car_F103.elf.dir/Middlewares/Third_Party/FreeRTOS/Source/tasks.c.obj
 .text.prvDeleteTCB
                0x080092ec       0x38 CMakeFiles/TYS_Car_F103.elf.dir/Middlewares/Third_Party/FreeRTOS/Source/tasks.c.obj
 .text.prvCheckTasksWaitingTermination
                0x08009324       0x4c CMakeFiles/TYS_Car_F103.elf.dir/Middlewares/Third_Party/FreeRTOS/Source/tasks.c.obj
 .text.prvIdleTask
                0x08009370       0x28 CMakeFiles/TYS_Car_F103.elf.dir/Middlewares/Third_Party/FreeRTOS/Source/tasks.c.obj
 .text.prvAddCurrentTaskToDelayedList
                0x08009398       0x98 CMakeFiles/TYS_Car_F103.elf.dir/Middlewares/Third_Party/FreeRTOS/Source/tasks.c.obj
 .text.xTaskCreateStatic
                0x08009430       0x74 CMakeFiles/TYS_Car_F103.elf.dir/Middlewares/Third_Party/FreeRTOS/Source/tasks.c.obj
                0x08009430                xTaskCreateStatic
 .text.xTaskCreate
                0x080094a4       0x68 CMakeFiles/TYS_Car_F103.elf.dir/Middlewares/Third_Party/FreeRTOS/Source/tasks.c.obj
                0x080094a4                xTaskCreate
 .text.vTaskStartScheduler
                0x0800950c       0x74 CMakeFiles/TYS_Car_F103.elf.dir/Middlewares/Third_Party/FreeRTOS/Source/tasks.c.obj
                0x0800950c                vTaskStartScheduler
 .text.vTaskSuspendAll
                0x08009580       0x10 CMakeFiles/TYS_Car_F103.elf.dir/Middlewares/Third_Party/FreeRTOS/Source/tasks.c.obj
                0x08009580                vTaskSuspendAll
 .text.xTaskIncrementTick
                0x08009590      0x118 CMakeFiles/TYS_Car_F103.elf.dir/Middlewares/Third_Party/FreeRTOS/Source/tasks.c.obj
                0x08009590                xTaskIncrementTick
 .text.xTaskResumeAll
                0x080096a8       0xf8 CMakeFiles/TYS_Car_F103.elf.dir/Middlewares/Third_Party/FreeRTOS/Source/tasks.c.obj
                0x080096a8                xTaskResumeAll
 .text.vTaskDelay
                0x080097a0       0x4c CMakeFiles/TYS_Car_F103.elf.dir/Middlewares/Third_Party/FreeRTOS/Source/tasks.c.obj
                0x080097a0                vTaskDelay
 .text.vTaskSwitchContext
                0x080097ec       0x98 CMakeFiles/TYS_Car_F103.elf.dir/Middlewares/Third_Party/FreeRTOS/Source/tasks.c.obj
                0x080097ec                vTaskSwitchContext
 .text.MX_USB_DEVICE_Init
                0x08009884       0x54 CMakeFiles/TYS_Car_F103.elf.dir/USB_DEVICE/App/usb_device.c.obj
                0x08009884                MX_USB_DEVICE_Init
 .text.CDC_DeInit_FS
                0x080098d8        0x4 CMakeFiles/TYS_Car_F103.elf.dir/USB_DEVICE/App/usbd_cdc_if.c.obj
 .text.CDC_Control_FS
                0x080098dc        0x4 CMakeFiles/TYS_Car_F103.elf.dir/USB_DEVICE/App/usbd_cdc_if.c.obj
 .text.CDC_Receive_FS
                0x080098e0       0x1c CMakeFiles/TYS_Car_F103.elf.dir/USB_DEVICE/App/usbd_cdc_if.c.obj
 .text.CDC_Init_FS
                0x080098fc       0x28 CMakeFiles/TYS_Car_F103.elf.dir/USB_DEVICE/App/usbd_cdc_if.c.obj
 .text.CDC_Transmit_FS
                0x08009924       0x2c CMakeFiles/TYS_Car_F103.elf.dir/USB_DEVICE/App/usbd_cdc_if.c.obj
                0x08009924                CDC_Transmit_FS
 .text.USBD_FS_DeviceDescriptor
                0x08009950        0xc CMakeFiles/TYS_Car_F103.elf.dir/USB_DEVICE/App/usbd_desc.c.obj
                0x08009950                USBD_FS_DeviceDescriptor
 .text.USBD_FS_LangIDStrDescriptor
                0x0800995c        0xc CMakeFiles/TYS_Car_F103.elf.dir/USB_DEVICE/App/usbd_desc.c.obj
                0x0800995c                USBD_FS_LangIDStrDescriptor
 .text.IntToUnicode
                0x08009968       0x46 CMakeFiles/TYS_Car_F103.elf.dir/USB_DEVICE/App/usbd_desc.c.obj
 *fill*         0x080099ae        0x2 
 .text.Get_SerialNum
                0x080099b0       0x38 CMakeFiles/TYS_Car_F103.elf.dir/USB_DEVICE/App/usbd_desc.c.obj
 .text.USBD_FS_SerialStrDescriptor
                0x080099e8       0x14 CMakeFiles/TYS_Car_F103.elf.dir/USB_DEVICE/App/usbd_desc.c.obj
                0x080099e8                USBD_FS_SerialStrDescriptor
 .text.USBD_FS_ProductStrDescriptor
                0x080099fc       0x24 CMakeFiles/TYS_Car_F103.elf.dir/USB_DEVICE/App/usbd_desc.c.obj
                0x080099fc                USBD_FS_ProductStrDescriptor
 .text.USBD_FS_ManufacturerStrDescriptor
                0x08009a20       0x1c CMakeFiles/TYS_Car_F103.elf.dir/USB_DEVICE/App/usbd_desc.c.obj
                0x08009a20                USBD_FS_ManufacturerStrDescriptor
 .text.USBD_FS_ConfigStrDescriptor
                0x08009a3c       0x24 CMakeFiles/TYS_Car_F103.elf.dir/USB_DEVICE/App/usbd_desc.c.obj
                0x08009a3c                USBD_FS_ConfigStrDescriptor
 .text.USBD_FS_InterfaceStrDescriptor
                0x08009a60       0x24 CMakeFiles/TYS_Car_F103.elf.dir/USB_DEVICE/App/usbd_desc.c.obj
                0x08009a60                USBD_FS_InterfaceStrDescriptor
 .text.USBD_Get_USB_Status
                0x08009a84       0x14 CMakeFiles/TYS_Car_F103.elf.dir/USB_DEVICE/Target/usbd_conf.c.obj
 .text.HAL_PCD_MspInit
                0x08009a98       0x40 CMakeFiles/TYS_Car_F103.elf.dir/USB_DEVICE/Target/usbd_conf.c.obj
                0x08009a98                HAL_PCD_MspInit
 .text.HAL_PCD_SetupStageCallback
                0x08009ad8       0x10 CMakeFiles/TYS_Car_F103.elf.dir/USB_DEVICE/Target/usbd_conf.c.obj
                0x08009ad8                HAL_PCD_SetupStageCallback
 .text.HAL_PCD_DataOutStageCallback
                0x08009ae8       0x18 CMakeFiles/TYS_Car_F103.elf.dir/USB_DEVICE/Target/usbd_conf.c.obj
                0x08009ae8                HAL_PCD_DataOutStageCallback
 .text.HAL_PCD_DataInStageCallback
                0x08009b00       0x16 CMakeFiles/TYS_Car_F103.elf.dir/USB_DEVICE/Target/usbd_conf.c.obj
                0x08009b00                HAL_PCD_DataInStageCallback
 .text.HAL_PCD_SOFCallback
                0x08009b16        0xc CMakeFiles/TYS_Car_F103.elf.dir/USB_DEVICE/Target/usbd_conf.c.obj
                0x08009b16                HAL_PCD_SOFCallback
 .text.HAL_PCD_ResetCallback
                0x08009b22       0x24 CMakeFiles/TYS_Car_F103.elf.dir/USB_DEVICE/Target/usbd_conf.c.obj
                0x08009b22                HAL_PCD_ResetCallback
 *fill*         0x08009b46        0x2 
 .text.HAL_PCD_SuspendCallback
                0x08009b48       0x20 CMakeFiles/TYS_Car_F103.elf.dir/USB_DEVICE/Target/usbd_conf.c.obj
                0x08009b48                HAL_PCD_SuspendCallback
 .text.HAL_PCD_ResumeCallback
                0x08009b68        0xc CMakeFiles/TYS_Car_F103.elf.dir/USB_DEVICE/Target/usbd_conf.c.obj
                0x08009b68                HAL_PCD_ResumeCallback
 .text.USBD_LL_Init
                0x08009b74       0x84 CMakeFiles/TYS_Car_F103.elf.dir/USB_DEVICE/Target/usbd_conf.c.obj
                0x08009b74                USBD_LL_Init
 .text.USBD_LL_Start
                0x08009bf8       0x10 CMakeFiles/TYS_Car_F103.elf.dir/USB_DEVICE/Target/usbd_conf.c.obj
                0x08009bf8                USBD_LL_Start
 .text.USBD_LL_OpenEP
                0x08009c08       0x16 CMakeFiles/TYS_Car_F103.elf.dir/USB_DEVICE/Target/usbd_conf.c.obj
                0x08009c08                USBD_LL_OpenEP
 .text.USBD_LL_CloseEP
                0x08009c1e       0x10 CMakeFiles/TYS_Car_F103.elf.dir/USB_DEVICE/Target/usbd_conf.c.obj
                0x08009c1e                USBD_LL_CloseEP
 .text.USBD_LL_StallEP
                0x08009c2e       0x10 CMakeFiles/TYS_Car_F103.elf.dir/USB_DEVICE/Target/usbd_conf.c.obj
                0x08009c2e                USBD_LL_StallEP
 .text.USBD_LL_ClearStallEP
                0x08009c3e       0x10 CMakeFiles/TYS_Car_F103.elf.dir/USB_DEVICE/Target/usbd_conf.c.obj
                0x08009c3e                USBD_LL_ClearStallEP
 .text.USBD_LL_IsStallEP
                0x08009c4e       0x2e CMakeFiles/TYS_Car_F103.elf.dir/USB_DEVICE/Target/usbd_conf.c.obj
                0x08009c4e                USBD_LL_IsStallEP
 .text.USBD_LL_SetUSBAddress
                0x08009c7c       0x10 CMakeFiles/TYS_Car_F103.elf.dir/USB_DEVICE/Target/usbd_conf.c.obj
                0x08009c7c                USBD_LL_SetUSBAddress
 .text.USBD_LL_Transmit
                0x08009c8c       0x10 CMakeFiles/TYS_Car_F103.elf.dir/USB_DEVICE/Target/usbd_conf.c.obj
                0x08009c8c                USBD_LL_Transmit
 .text.USBD_LL_PrepareReceive
                0x08009c9c       0x10 CMakeFiles/TYS_Car_F103.elf.dir/USB_DEVICE/Target/usbd_conf.c.obj
                0x08009c9c                USBD_LL_PrepareReceive
 .text.USBD_LL_GetRxDataSize
                0x08009cac        0xc CMakeFiles/TYS_Car_F103.elf.dir/USB_DEVICE/Target/usbd_conf.c.obj
                0x08009cac                USBD_LL_GetRxDataSize
 .text.USBD_static_malloc
                0x08009cb8        0x8 CMakeFiles/TYS_Car_F103.elf.dir/USB_DEVICE/Target/usbd_conf.c.obj
                0x08009cb8                USBD_static_malloc
 .text.USBD_static_free
                0x08009cc0        0x2 CMakeFiles/TYS_Car_F103.elf.dir/USB_DEVICE/Target/usbd_conf.c.obj
                0x08009cc0                USBD_static_free
 .text.HAL_PCDEx_SetConnectionState
                0x08009cc2        0x2 CMakeFiles/TYS_Car_F103.elf.dir/USB_DEVICE/Target/usbd_conf.c.obj
                0x08009cc2                HAL_PCDEx_SetConnectionState
 .text.Reset_Handler
                0x08009cc4       0x48 CMakeFiles/TYS_Car_F103.elf.dir/startup/startup_stm32f103xb.s.obj
                0x08009cc4                Reset_Handler
 .text.Default_Handler
                0x08009d0c        0x2 CMakeFiles/TYS_Car_F103.elf.dir/startup/startup_stm32f103xb.s.obj
                0x08009d0c                RTC_Alarm_IRQHandler
                0x08009d0c                EXTI2_IRQHandler
                0x08009d0c                TIM1_CC_IRQHandler
                0x08009d0c                PVD_IRQHandler
                0x08009d0c                EXTI3_IRQHandler
                0x08009d0c                EXTI0_IRQHandler
                0x08009d0c                I2C2_EV_IRQHandler
                0x08009d0c                ADC1_2_IRQHandler
                0x08009d0c                SPI1_IRQHandler
                0x08009d0c                TAMPER_IRQHandler
                0x08009d0c                DMA1_Channel4_IRQHandler
                0x08009d0c                RTC_IRQHandler
                0x08009d0c                DMA1_Channel7_IRQHandler
                0x08009d0c                CAN1_RX1_IRQHandler
                0x08009d0c                I2C1_EV_IRQHandler
                0x08009d0c                DMA1_Channel6_IRQHandler
                0x08009d0c                TIM3_IRQHandler
                0x08009d0c                RCC_IRQHandler
                0x08009d0c                TIM1_TRG_COM_IRQHandler
                0x08009d0c                DMA1_Channel1_IRQHandler
                0x08009d0c                Default_Handler
                0x08009d0c                EXTI15_10_IRQHandler
                0x08009d0c                EXTI9_5_IRQHandler
                0x08009d0c                SPI2_IRQHandler
                0x08009d0c                DMA1_Channel5_IRQHandler
                0x08009d0c                EXTI4_IRQHandler
                0x08009d0c                USB_HP_CAN1_TX_IRQHandler
                0x08009d0c                DMA1_Channel3_IRQHandler
                0x08009d0c                TIM1_UP_IRQHandler
                0x08009d0c                WWDG_IRQHandler
                0x08009d0c                TIM2_IRQHandler
                0x08009d0c                TIM1_BRK_IRQHandler
                0x08009d0c                EXTI1_IRQHandler
                0x08009d0c                I2C2_ER_IRQHandler
                0x08009d0c                DMA1_Channel2_IRQHandler
                0x08009d0c                CAN1_SCE_IRQHandler
                0x08009d0c                FLASH_IRQHandler
                0x08009d0c                I2C1_ER_IRQHandler
                0x08009d0c                USBWakeUp_IRQHandler
 *fill*         0x08009d0e        0x2 
 .text.__errno  0x08009d10        0xc c:/progra~4/gcc-ar~1/bin/../lib/gcc/arm-none-eabi/10.3.1/../../../../arm-none-eabi/lib/thumb/v7-m/nofp\libg.a(lib_a-errno.o)
                0x08009d10                __errno
 .text.__libc_init_array
                0x08009d1c       0x48 c:/progra~4/gcc-ar~1/bin/../lib/gcc/arm-none-eabi/10.3.1/../../../../arm-none-eabi/lib/thumb/v7-m/nofp\libg.a(lib_a-init.o)
                0x08009d1c                __libc_init_array
 .text.memset   0x08009d64       0xa4 c:/progra~4/gcc-ar~1/bin/../lib/gcc/arm-none-eabi/10.3.1/../../../../arm-none-eabi/lib/thumb/v7-m/nofp\libg.a(lib_a-memset.o)
                0x08009d64                memset
 .text.startup.register_fini
                0x08009e08       0x14 c:/progra~4/gcc-ar~1/bin/../lib/gcc/arm-none-eabi/10.3.1/../../../../arm-none-eabi/lib/thumb/v7-m/nofp\libg.a(lib_a-__call_atexit.o)
 .text.atexit   0x08009e1c        0xc c:/progra~4/gcc-ar~1/bin/../lib/gcc/arm-none-eabi/10.3.1/../../../../arm-none-eabi/lib/thumb/v7-m/nofp\libg.a(lib_a-atexit.o)
                0x08009e1c                atexit
 .text.__libc_fini_array
                0x08009e28       0x2c c:/progra~4/gcc-ar~1/bin/../lib/gcc/arm-none-eabi/10.3.1/../../../../arm-none-eabi/lib/thumb/v7-m/nofp\libg.a(lib_a-fini.o)
                0x08009e28                __libc_fini_array
 .text.__retarget_lock_acquire_recursive
                0x08009e54        0x4 c:/progra~4/gcc-ar~1/bin/../lib/gcc/arm-none-eabi/10.3.1/../../../../arm-none-eabi/lib/thumb/v7-m/nofp\libg.a(lib_a-lock.o)
                0x08009e54                __retarget_lock_acquire_recursive
 .text.__retarget_lock_release_recursive
                0x08009e58        0x4 c:/progra~4/gcc-ar~1/bin/../lib/gcc/arm-none-eabi/10.3.1/../../../../arm-none-eabi/lib/thumb/v7-m/nofp\libg.a(lib_a-lock.o)
                0x08009e58                __retarget_lock_release_recursive
 .text.__register_exitproc
                0x08009e5c       0x8c c:/progra~4/gcc-ar~1/bin/../lib/gcc/arm-none-eabi/10.3.1/../../../../arm-none-eabi/lib/thumb/v7-m/nofp\libg.a(lib_a-__atexit.o)
                0x08009e5c                __register_exitproc
 .text.asin     0x08009ee8       0x50 c:/progra~4/gcc-ar~1/bin/../lib/gcc/arm-none-eabi/10.3.1/../../../../arm-none-eabi/lib/thumb/v7-m/nofp\libm.a(lib_a-w_asin.o)
                0x08009ee8                asin
 .text.atan2    0x08009f38        0x4 c:/progra~4/gcc-ar~1/bin/../lib/gcc/arm-none-eabi/10.3.1/../../../../arm-none-eabi/lib/thumb/v7-m/nofp\libm.a(lib_a-w_atan2.o)
                0x08009f38                atan2
 *fill*         0x08009f3c        0x4 
 .text.__ieee754_asin
                0x08009f40      0x474 c:/progra~4/gcc-ar~1/bin/../lib/gcc/arm-none-eabi/10.3.1/../../../../arm-none-eabi/lib/thumb/v7-m/nofp\libm.a(lib_a-e_asin.o)
                0x08009f40                __ieee754_asin
 *fill*         0x0800a3b4        0x4 
 .text.__ieee754_atan2
                0x0800a3b8      0x194 c:/progra~4/gcc-ar~1/bin/../lib/gcc/arm-none-eabi/10.3.1/../../../../arm-none-eabi/lib/thumb/v7-m/nofp\libm.a(lib_a-e_atan2.o)
                0x0800a3b8                __ieee754_atan2
 .text.__ieee754_sqrt
                0x0800a54c      0x18c c:/progra~4/gcc-ar~1/bin/../lib/gcc/arm-none-eabi/10.3.1/../../../../arm-none-eabi/lib/thumb/v7-m/nofp\libm.a(lib_a-e_sqrt.o)
                0x0800a54c                __ieee754_sqrt
 .text.atan     0x0800a6d8      0x31c c:/progra~4/gcc-ar~1/bin/../lib/gcc/arm-none-eabi/10.3.1/../../../../arm-none-eabi/lib/thumb/v7-m/nofp\libm.a(lib_a-s_atan.o)
                0x0800a6d8                atan
 .text.fabs     0x0800a9f4        0x8 c:/progra~4/gcc-ar~1/bin/../lib/gcc/arm-none-eabi/10.3.1/../../../../arm-none-eabi/lib/thumb/v7-m/nofp\libm.a(lib_a-s_fabs.o)
                0x0800a9f4                fabs
 .text.nan      0x0800a9fc        0xc c:/progra~4/gcc-ar~1/bin/../lib/gcc/arm-none-eabi/10.3.1/../../../../arm-none-eabi/lib/thumb/v7-m/nofp\libm.a(lib_a-s_nan.o)
                0x0800a9fc                nan
 *(.glue_7)
 .glue_7        0x0800aa08        0x0 linker stubs
 *(.glue_7t)
 .glue_7t       0x0800aa08        0x0 linker stubs
 *(.eh_frame)
 .eh_frame      0x0800aa08        0x0 c:/progra~4/gcc-ar~1/bin/../lib/gcc/arm-none-eabi/10.3.1/thumb/v7-m/nofp/crtbegin.o
 *(.init)
 .init          0x0800aa08        0x4 c:/progra~4/gcc-ar~1/bin/../lib/gcc/arm-none-eabi/10.3.1/thumb/v7-m/nofp/crti.o
                0x0800aa08                _init
 .init          0x0800aa0c        0x8 c:/progra~4/gcc-ar~1/bin/../lib/gcc/arm-none-eabi/10.3.1/thumb/v7-m/nofp/crtn.o
 *(.fini)
 .fini          0x0800aa14        0x4 c:/progra~4/gcc-ar~1/bin/../lib/gcc/arm-none-eabi/10.3.1/thumb/v7-m/nofp/crti.o
                0x0800aa14                _fini
 .fini          0x0800aa18        0x8 c:/progra~4/gcc-ar~1/bin/../lib/gcc/arm-none-eabi/10.3.1/thumb/v7-m/nofp/crtn.o
                0x0800aa20                . = ALIGN (0x4)
                0x0800aa20                _etext = .

.vfp11_veneer   0x0800aa20        0x0
 .vfp11_veneer  0x0800aa20        0x0 linker stubs

.v4_bx          0x0800aa20        0x0
 .v4_bx         0x0800aa20        0x0 linker stubs

.iplt           0x0800aa20        0x0
 .iplt          0x0800aa20        0x0 c:/progra~4/gcc-ar~1/bin/../lib/gcc/arm-none-eabi/10.3.1/thumb/v7-m/nofp/crtbegin.o

.rodata         0x0800aa20      0x8e0
                0x0800aa20                . = ALIGN (0x4)
 *(.rodata)
 .rodata        0x0800aa20       0x78 CMakeFiles/TYS_Car_F103.elf.dir/Core/Src/freertos.c.obj
 *(.rodata*)
 .rodata.hw     0x0800aa98        0xc CMakeFiles/TYS_Car_F103.elf.dir/Core/MPU6050/inv_mpu.c.obj
                0x0800aa98                hw
 .rodata.reg    0x0800aaa4       0x1b CMakeFiles/TYS_Car_F103.elf.dir/Core/MPU6050/inv_mpu.c.obj
                0x0800aaa4                reg
 *fill*         0x0800aabf        0x1 
 .rodata.test   0x0800aac0       0x28 CMakeFiles/TYS_Car_F103.elf.dir/Core/MPU6050/inv_mpu.c.obj
                0x0800aac0                test
 .rodata.F8X16  0x0800aae8      0x5f0 CMakeFiles/TYS_Car_F103.elf.dir/Core/Src/TYS_OLED.c.obj
                0x0800aae8                F8X16
 .rodata.str1.4
                0x0800b0d8       0x36 CMakeFiles/TYS_Car_F103.elf.dir/Core/Src/freertos.c.obj
 *fill*         0x0800b10e        0x2 
 .rodata.Screen_Refresh.str1.4
                0x0800b110       0xdc CMakeFiles/TYS_Car_F103.elf.dir/Core/Src/freertos.c.obj
 .rodata.ADC_Get.str1.4
                0x0800b1ec       0x23 CMakeFiles/TYS_Car_F103.elf.dir/Core/Src/freertos.c.obj
 *fill*         0x0800b20f        0x1 
 .rodata.AHBPrescTable
                0x0800b210       0x10 CMakeFiles/TYS_Car_F103.elf.dir/Core/Src/system_stm32f1xx.c.obj
                0x0800b210                AHBPrescTable
 .rodata.APBPrescTable
                0x0800b220        0x8 CMakeFiles/TYS_Car_F103.elf.dir/Core/Src/system_stm32f1xx.c.obj
                0x0800b220                APBPrescTable
 .rodata.HAL_RCC_GetSysClockFreq.str1.4
                0x0800b228       0x11 CMakeFiles/TYS_Car_F103.elf.dir/Drivers/STM32F1xx_HAL_Driver/Src/stm32f1xx_hal_rcc.c.obj
 *fill*         0x0800b239        0x3 
 .rodata.vTaskStartScheduler.str1.4
                0x0800b23c        0x5 CMakeFiles/TYS_Car_F103.elf.dir/Middlewares/Third_Party/FreeRTOS/Source/tasks.c.obj
 *fill*         0x0800b241        0x3 
 .rodata.USBD_FS_ProductStrDescriptor.str1.4
                0x0800b244       0x16 CMakeFiles/TYS_Car_F103.elf.dir/USB_DEVICE/App/usbd_desc.c.obj
 *fill*         0x0800b25a        0x2 
 .rodata.USBD_FS_ManufacturerStrDescriptor.str1.4
                0x0800b25c       0x13 CMakeFiles/TYS_Car_F103.elf.dir/USB_DEVICE/App/usbd_desc.c.obj
 *fill*         0x0800b26f        0x1 
 .rodata.USBD_FS_ConfigStrDescriptor.str1.4
                0x0800b270        0xb CMakeFiles/TYS_Car_F103.elf.dir/USB_DEVICE/App/usbd_desc.c.obj
 *fill*         0x0800b27b        0x1 
 .rodata.USBD_FS_InterfaceStrDescriptor.str1.4
                0x0800b27c        0xe CMakeFiles/TYS_Car_F103.elf.dir/USB_DEVICE/App/usbd_desc.c.obj
 *fill*         0x0800b28a        0x2 
 .rodata._global_impure_ptr
                0x0800b28c        0x4 c:/progra~4/gcc-ar~1/bin/../lib/gcc/arm-none-eabi/10.3.1/../../../../arm-none-eabi/lib/thumb/v7-m/nofp\libg.a(lib_a-impure.o)
                0x0800b28c                _global_impure_ptr
 .rodata.asin.str1.4
                0x0800b290        0xe c:/progra~4/gcc-ar~1/bin/../lib/gcc/arm-none-eabi/10.3.1/../../../../arm-none-eabi/lib/thumb/v7-m/nofp\libm.a(lib_a-w_asin.o)
                                  0x1 (size before relaxing)
 .rodata.CSWTCH.8
                0x0800b290       0x18 c:/progra~4/gcc-ar~1/bin/../lib/gcc/arm-none-eabi/10.3.1/../../../../arm-none-eabi/lib/thumb/v7-m/nofp\libm.a(lib_a-e_atan2.o)
 .rodata.CSWTCH.9
                0x0800b2a8       0x18 c:/progra~4/gcc-ar~1/bin/../lib/gcc/arm-none-eabi/10.3.1/../../../../arm-none-eabi/lib/thumb/v7-m/nofp\libm.a(lib_a-e_atan2.o)
 .rodata.atanhi
                0x0800b2c0       0x20 c:/progra~4/gcc-ar~1/bin/../lib/gcc/arm-none-eabi/10.3.1/../../../../arm-none-eabi/lib/thumb/v7-m/nofp\libm.a(lib_a-s_atan.o)
 .rodata.atanlo
                0x0800b2e0       0x20 c:/progra~4/gcc-ar~1/bin/../lib/gcc/arm-none-eabi/10.3.1/../../../../arm-none-eabi/lib/thumb/v7-m/nofp\libm.a(lib_a-s_atan.o)
                0x0800b300                . = ALIGN (0x4)

.rel.dyn        0x0800b300        0x0
 .rel.iplt      0x0800b300        0x0 c:/progra~4/gcc-ar~1/bin/../lib/gcc/arm-none-eabi/10.3.1/thumb/v7-m/nofp/crtbegin.o

.ARM.extab
 *(.ARM.extab* .gnu.linkonce.armextab.*)

.ARM            0x0800b300        0x0
                0x0800b300                __exidx_start = .
 *(.ARM.exidx*)
                0x0800b300                __exidx_end = .

.preinit_array  0x0800b300        0x0
                0x0800b300                PROVIDE (__preinit_array_start = .)
 *(.preinit_array*)
                0x0800b300                PROVIDE (__preinit_array_end = .)

.init_array     0x0800b300        0x8
                0x0800b300                PROVIDE (__init_array_start = .)
 *(SORT_BY_NAME(.init_array.*))
 .init_array.00000
                0x0800b300        0x4 c:/progra~4/gcc-ar~1/bin/../lib/gcc/arm-none-eabi/10.3.1/../../../../arm-none-eabi/lib/thumb/v7-m/nofp\libg.a(lib_a-__call_atexit.o)
 *(.init_array*)
 .init_array    0x0800b304        0x4 c:/progra~4/gcc-ar~1/bin/../lib/gcc/arm-none-eabi/10.3.1/thumb/v7-m/nofp/crtbegin.o
                0x0800b308                PROVIDE (__init_array_end = .)

.fini_array     0x0800b308        0x4
                0x0800b308                PROVIDE (__fini_array_start = .)
 *(SORT_BY_NAME(.fini_array.*))
 *(.fini_array*)
 .fini_array    0x0800b308        0x4 c:/progra~4/gcc-ar~1/bin/../lib/gcc/arm-none-eabi/10.3.1/thumb/v7-m/nofp/crtbegin.o
                0x0800b30c                PROVIDE (__fini_array_end = .)
                0x0800b30c                _sidata = LOADADDR (.data)

.data           0x20000000      0x5ec load address 0x0800b30c
                0x20000000                . = ALIGN (0x4)
                0x20000000                _sdata = .
 *(.data)
 *(.data*)
 .data.st       0x20000000       0x2c CMakeFiles/TYS_Car_F103.elf.dir/Core/MPU6050/inv_mpu.c.obj
 .data.PID_D    0x2000002c        0x4 CMakeFiles/TYS_Car_F103.elf.dir/Core/Src/freertos.c.obj
                0x2000002c                PID_D
 .data.PID_I    0x20000030        0x4 CMakeFiles/TYS_Car_F103.elf.dir/Core/Src/freertos.c.obj
                0x20000030                PID_I
 .data.PID_P    0x20000034        0x4 CMakeFiles/TYS_Car_F103.elf.dir/Core/Src/freertos.c.obj
                0x20000034                PID_P
 .data.SystemCoreClock
                0x20000038        0x4 CMakeFiles/TYS_Car_F103.elf.dir/Core/Src/system_stm32f1xx.c.obj
                0x20000038                SystemCoreClock
 .data.uwTickFreq
                0x2000003c        0x1 CMakeFiles/TYS_Car_F103.elf.dir/Drivers/STM32F1xx_HAL_Driver/Src/stm32f1xx_hal.c.obj
                0x2000003c                uwTickFreq
 *fill*         0x2000003d        0x3 
 .data.uwTickPrio
                0x20000040        0x4 CMakeFiles/TYS_Car_F103.elf.dir/Drivers/STM32F1xx_HAL_Driver/Src/stm32f1xx_hal.c.obj
                0x20000040                uwTickPrio
 .data.USBD_CDC
                0x20000044       0x38 CMakeFiles/TYS_Car_F103.elf.dir/Middlewares/ST/STM32_USB_Device_Library/Class/CDC/Src/usbd_cdc.c.obj
                0x20000044                USBD_CDC
 .data.USBD_CDC_CfgFSDesc
                0x2000007c       0x43 CMakeFiles/TYS_Car_F103.elf.dir/Middlewares/ST/STM32_USB_Device_Library/Class/CDC/Src/usbd_cdc.c.obj
                0x2000007c                USBD_CDC_CfgFSDesc
 *fill*         0x200000bf        0x1 
 .data.USBD_CDC_CfgHSDesc
                0x200000c0       0x43 CMakeFiles/TYS_Car_F103.elf.dir/Middlewares/ST/STM32_USB_Device_Library/Class/CDC/Src/usbd_cdc.c.obj
                0x200000c0                USBD_CDC_CfgHSDesc
 *fill*         0x20000103        0x1 
 .data.USBD_CDC_DeviceQualifierDesc
                0x20000104        0xa CMakeFiles/TYS_Car_F103.elf.dir/Middlewares/ST/STM32_USB_Device_Library/Class/CDC/Src/usbd_cdc.c.obj
 *fill*         0x2000010e        0x2 
 .data.USBD_CDC_OtherSpeedCfgDesc
                0x20000110       0x43 CMakeFiles/TYS_Car_F103.elf.dir/Middlewares/ST/STM32_USB_Device_Library/Class/CDC/Src/usbd_cdc.c.obj
                0x20000110                USBD_CDC_OtherSpeedCfgDesc
 *fill*         0x20000153        0x1 
 .data.uxCriticalNesting
                0x20000154        0x4 CMakeFiles/TYS_Car_F103.elf.dir/Middlewares/Third_Party/FreeRTOS/Source/portable/GCC/ARM_CM3/port.c.obj
 .data.USBD_Interface_fops_FS
                0x20000158       0x10 CMakeFiles/TYS_Car_F103.elf.dir/USB_DEVICE/App/usbd_cdc_if.c.obj
                0x20000158                USBD_Interface_fops_FS
 .data.FS_Desc  0x20000168       0x1c CMakeFiles/TYS_Car_F103.elf.dir/USB_DEVICE/App/usbd_desc.c.obj
                0x20000168                FS_Desc
 .data.USBD_FS_DeviceDesc
                0x20000184       0x12 CMakeFiles/TYS_Car_F103.elf.dir/USB_DEVICE/App/usbd_desc.c.obj
                0x20000184                USBD_FS_DeviceDesc
 *fill*         0x20000196        0x2 
 .data.USBD_LangIDDesc
                0x20000198        0x4 CMakeFiles/TYS_Car_F103.elf.dir/USB_DEVICE/App/usbd_desc.c.obj
                0x20000198                USBD_LangIDDesc
 .data.USBD_StringSerial
                0x2000019c       0x1a CMakeFiles/TYS_Car_F103.elf.dir/USB_DEVICE/App/usbd_desc.c.obj
                0x2000019c                USBD_StringSerial
 *fill*         0x200001b6        0x2 
 .data._impure_ptr
                0x200001b8        0x4 c:/progra~4/gcc-ar~1/bin/../lib/gcc/arm-none-eabi/10.3.1/../../../../arm-none-eabi/lib/thumb/v7-m/nofp\libg.a(lib_a-impure.o)
                0x200001b8                _impure_ptr
 *fill*         0x200001bc        0x4 
 .data.impure_data
                0x200001c0      0x428 c:/progra~4/gcc-ar~1/bin/../lib/gcc/arm-none-eabi/10.3.1/../../../../arm-none-eabi/lib/thumb/v7-m/nofp\libg.a(lib_a-impure.o)
 .data.__atexit_recursive_mutex
                0x200005e8        0x4 c:/progra~4/gcc-ar~1/bin/../lib/gcc/arm-none-eabi/10.3.1/../../../../arm-none-eabi/lib/thumb/v7-m/nofp\libg.a(lib_a-__call_atexit.o)
                0x200005e8                __atexit_recursive_mutex
                0x200005ec                . = ALIGN (0x4)
                0x200005ec                _edata = .

.igot.plt       0x200005ec        0x0 load address 0x0800b8f8
 .igot.plt      0x200005ec        0x0 c:/progra~4/gcc-ar~1/bin/../lib/gcc/arm-none-eabi/10.3.1/thumb/v7-m/nofp/crtbegin.o
                0x200005ec                . = ALIGN (0x4)

.bss            0x200005ec     0x2760 load address 0x0800b8f8
                0x200005ec                _sbss = .
                0x200005ec                __bss_start__ = _sbss
 *(.bss)
 .bss           0x200005ec       0x1c c:/progra~4/gcc-ar~1/bin/../lib/gcc/arm-none-eabi/10.3.1/thumb/v7-m/nofp/crtbegin.o
 *(.bss*)
 .bss.dmp       0x20000608       0x10 CMakeFiles/TYS_Car_F103.elf.dir/Core/MPU6050/inv_mpu_dmp_motion_driver.c.obj
 .bss.hadc1     0x20000618       0x30 CMakeFiles/TYS_Car_F103.elf.dir/Core/Src/adc.c.obj
                0x20000618                hadc1
 .bss.hadc2     0x20000648       0x30 CMakeFiles/TYS_Car_F103.elf.dir/Core/Src/adc.c.obj
                0x20000648                hadc2
 .bss.ADC_ReadBuffer
                0x20000678      0x200 CMakeFiles/TYS_Car_F103.elf.dir/Core/Src/freertos.c.obj
                0x20000678                ADC_ReadBuffer
 .bss.ADC_ReadControlBlock
                0x20000878       0x54 CMakeFiles/TYS_Car_F103.elf.dir/Core/Src/freertos.c.obj
                0x20000878                ADC_ReadControlBlock
 .bss.ADC_ReadHandle
                0x200008cc        0x4 CMakeFiles/TYS_Car_F103.elf.dir/Core/Src/freertos.c.obj
                0x200008cc                ADC_ReadHandle
 .bss.Direction
                0x200008d0        0x1 CMakeFiles/TYS_Car_F103.elf.dir/Core/Src/freertos.c.obj
                0x200008d0                Direction
 *fill*         0x200008d1        0x3 
 .bss.ERR_A_Last_0
                0x200008d4        0x4 CMakeFiles/TYS_Car_F103.elf.dir/Core/Src/freertos.c.obj
                0x200008d4                ERR_A_Last_0
 .bss.ERR_A_Last_1
                0x200008d8        0x4 CMakeFiles/TYS_Car_F103.elf.dir/Core/Src/freertos.c.obj
                0x200008d8                ERR_A_Last_1
 .bss.ERR_A_Last_2
                0x200008dc        0x4 CMakeFiles/TYS_Car_F103.elf.dir/Core/Src/freertos.c.obj
                0x200008dc                ERR_A_Last_2
 .bss.ERR_B_Last_0
                0x200008e0        0x4 CMakeFiles/TYS_Car_F103.elf.dir/Core/Src/freertos.c.obj
                0x200008e0                ERR_B_Last_0
 .bss.ERR_B_Last_1
                0x200008e4        0x4 CMakeFiles/TYS_Car_F103.elf.dir/Core/Src/freertos.c.obj
                0x200008e4                ERR_B_Last_1
 .bss.ERR_B_Last_2
                0x200008e8        0x4 CMakeFiles/TYS_Car_F103.elf.dir/Core/Src/freertos.c.obj
                0x200008e8                ERR_B_Last_2
 .bss.FLAG_MOVE
                0x200008ec        0x1 CMakeFiles/TYS_Car_F103.elf.dir/Core/Src/freertos.c.obj
                0x200008ec                FLAG_MOVE
 .bss.Key_1     0x200008ed        0x1 CMakeFiles/TYS_Car_F103.elf.dir/Core/Src/freertos.c.obj
                0x200008ed                Key_1
 .bss.Key_2     0x200008ee        0x1 CMakeFiles/TYS_Car_F103.elf.dir/Core/Src/freertos.c.obj
                0x200008ee                Key_2
 *fill*         0x200008ef        0x1 
 .bss.Length_A  0x200008f0        0x4 CMakeFiles/TYS_Car_F103.elf.dir/Core/Src/freertos.c.obj
                0x200008f0                Length_A
 .bss.Length_B  0x200008f4        0x4 CMakeFiles/TYS_Car_F103.elf.dir/Core/Src/freertos.c.obj
                0x200008f4                Length_B
 .bss.Light_A   0x200008f8        0x4 CMakeFiles/TYS_Car_F103.elf.dir/Core/Src/freertos.c.obj
                0x200008f8                Light_A
 .bss.Light_B   0x200008fc        0x4 CMakeFiles/TYS_Car_F103.elf.dir/Core/Src/freertos.c.obj
                0x200008fc                Light_B
 .bss.OpenMV_Dir
                0x20000900        0x1 CMakeFiles/TYS_Car_F103.elf.dir/Core/Src/freertos.c.obj
                0x20000900                OpenMV_Dir
 .bss.OpenMV_Num
                0x20000901        0x1 CMakeFiles/TYS_Car_F103.elf.dir/Core/Src/freertos.c.obj
                0x20000901                OpenMV_Num
 *fill*         0x20000902        0x2 
 .bss.PWM_A     0x20000904        0x4 CMakeFiles/TYS_Car_F103.elf.dir/Core/Src/freertos.c.obj
                0x20000904                PWM_A
 .bss.PWM_A_Bias
                0x20000908        0x4 CMakeFiles/TYS_Car_F103.elf.dir/Core/Src/freertos.c.obj
                0x20000908                PWM_A_Bias
 .bss.PWM_B     0x2000090c        0x4 CMakeFiles/TYS_Car_F103.elf.dir/Core/Src/freertos.c.obj
                0x2000090c                PWM_B
 .bss.PWM_B_Bias
                0x20000910        0x4 CMakeFiles/TYS_Car_F103.elf.dir/Core/Src/freertos.c.obj
                0x20000910                PWM_B_Bias
 .bss.Screen_RefresheBuffer